Archive member included to satisfy reference by file (symbol)

c:/st/stm32cubeide_1.7.0/stm32cubeide/plugins/com.st.stm32cube.ide.mcu.externaltools.gnu-tools-for-stm32.9-2020-q2-update.win32_2.0.0.202105311346/tools/bin/../lib/gcc/arm-none-eabi/9.3.1/../../../../arm-none-eabi/lib/thumb/v7-m/nofp\libc_nano.a(lib_a-errno.o)
                              ./Core/Src/syscalls.o (__errno)
c:/st/stm32cubeide_1.7.0/stm32cubeide/plugins/com.st.stm32cube.ide.mcu.externaltools.gnu-tools-for-stm32.9-2020-q2-update.win32_2.0.0.202105311346/tools/bin/../lib/gcc/arm-none-eabi/9.3.1/../../../../arm-none-eabi/lib/thumb/v7-m/nofp\libc_nano.a(lib_a-exit.o)
                              c:/st/stm32cubeide_1.7.0/stm32cubeide/plugins/com.st.stm32cube.ide.mcu.externaltools.gnu-tools-for-stm32.9-2020-q2-update.win32_2.0.0.202105311346/tools/bin/../lib/gcc/arm-none-eabi/9.3.1/../../../../arm-none-eabi/lib/thumb/v7-m/nofp/crt0.o (exit)
c:/st/stm32cubeide_1.7.0/stm32cubeide/plugins/com.st.stm32cube.ide.mcu.externaltools.gnu-tools-for-stm32.9-2020-q2-update.win32_2.0.0.202105311346/tools/bin/../lib/gcc/arm-none-eabi/9.3.1/../../../../arm-none-eabi/lib/thumb/v7-m/nofp\libc_nano.a(lib_a-impure.o)
                              c:/st/stm32cubeide_1.7.0/stm32cubeide/plugins/com.st.stm32cube.ide.mcu.externaltools.gnu-tools-for-stm32.9-2020-q2-update.win32_2.0.0.202105311346/tools/bin/../lib/gcc/arm-none-eabi/9.3.1/../../../../arm-none-eabi/lib/thumb/v7-m/nofp\libc_nano.a(lib_a-exit.o) (_global_impure_ptr)
c:/st/stm32cubeide_1.7.0/stm32cubeide/plugins/com.st.stm32cube.ide.mcu.externaltools.gnu-tools-for-stm32.9-2020-q2-update.win32_2.0.0.202105311346/tools/bin/../lib/gcc/arm-none-eabi/9.3.1/../../../../arm-none-eabi/lib/thumb/v7-m/nofp\libc_nano.a(lib_a-init.o)
                              c:/st/stm32cubeide_1.7.0/stm32cubeide/plugins/com.st.stm32cube.ide.mcu.externaltools.gnu-tools-for-stm32.9-2020-q2-update.win32_2.0.0.202105311346/tools/bin/../lib/gcc/arm-none-eabi/9.3.1/../../../../arm-none-eabi/lib/thumb/v7-m/nofp/crt0.o (__libc_init_array)
c:/st/stm32cubeide_1.7.0/stm32cubeide/plugins/com.st.stm32cube.ide.mcu.externaltools.gnu-tools-for-stm32.9-2020-q2-update.win32_2.0.0.202105311346/tools/bin/../lib/gcc/arm-none-eabi/9.3.1/../../../../arm-none-eabi/lib/thumb/v7-m/nofp\libc_nano.a(lib_a-memset.o)
                              c:/st/stm32cubeide_1.7.0/stm32cubeide/plugins/com.st.stm32cube.ide.mcu.externaltools.gnu-tools-for-stm32.9-2020-q2-update.win32_2.0.0.202105311346/tools/bin/../lib/gcc/arm-none-eabi/9.3.1/../../../../arm-none-eabi/lib/thumb/v7-m/nofp/crt0.o (memset)
c:/st/stm32cubeide_1.7.0/stm32cubeide/plugins/com.st.stm32cube.ide.mcu.externaltools.gnu-tools-for-stm32.9-2020-q2-update.win32_2.0.0.202105311346/tools/bin/../lib/gcc/arm-none-eabi/9.3.1/../../../../arm-none-eabi/lib/thumb/v7-m/nofp\libc_nano.a(lib_a-sprintf.o)
                              ./Core/Src/fsm_automatic.o (sprintf)
c:/st/stm32cubeide_1.7.0/stm32cubeide/plugins/com.st.stm32cube.ide.mcu.externaltools.gnu-tools-for-stm32.9-2020-q2-update.win32_2.0.0.202105311346/tools/bin/../lib/gcc/arm-none-eabi/9.3.1/../../../../arm-none-eabi/lib/thumb/v7-m/nofp\libc_nano.a(lib_a-nano-svfprintf.o)
                              c:/st/stm32cubeide_1.7.0/stm32cubeide/plugins/com.st.stm32cube.ide.mcu.externaltools.gnu-tools-for-stm32.9-2020-q2-update.win32_2.0.0.202105311346/tools/bin/../lib/gcc/arm-none-eabi/9.3.1/../../../../arm-none-eabi/lib/thumb/v7-m/nofp\libc_nano.a(lib_a-sprintf.o) (_svfprintf_r)
c:/st/stm32cubeide_1.7.0/stm32cubeide/plugins/com.st.stm32cube.ide.mcu.externaltools.gnu-tools-for-stm32.9-2020-q2-update.win32_2.0.0.202105311346/tools/bin/../lib/gcc/arm-none-eabi/9.3.1/../../../../arm-none-eabi/lib/thumb/v7-m/nofp\libc_nano.a(lib_a-nano-vfprintf_i.o)
                              c:/st/stm32cubeide_1.7.0/stm32cubeide/plugins/com.st.stm32cube.ide.mcu.externaltools.gnu-tools-for-stm32.9-2020-q2-update.win32_2.0.0.202105311346/tools/bin/../lib/gcc/arm-none-eabi/9.3.1/../../../../arm-none-eabi/lib/thumb/v7-m/nofp\libc_nano.a(lib_a-nano-svfprintf.o) (_printf_i)
c:/st/stm32cubeide_1.7.0/stm32cubeide/plugins/com.st.stm32cube.ide.mcu.externaltools.gnu-tools-for-stm32.9-2020-q2-update.win32_2.0.0.202105311346/tools/bin/../lib/gcc/arm-none-eabi/9.3.1/../../../../arm-none-eabi/lib/thumb/v7-m/nofp\libc_nano.a(lib_a-memchr-stub.o)
                              c:/st/stm32cubeide_1.7.0/stm32cubeide/plugins/com.st.stm32cube.ide.mcu.externaltools.gnu-tools-for-stm32.9-2020-q2-update.win32_2.0.0.202105311346/tools/bin/../lib/gcc/arm-none-eabi/9.3.1/../../../../arm-none-eabi/lib/thumb/v7-m/nofp\libc_nano.a(lib_a-nano-svfprintf.o) (memchr)
c:/st/stm32cubeide_1.7.0/stm32cubeide/plugins/com.st.stm32cube.ide.mcu.externaltools.gnu-tools-for-stm32.9-2020-q2-update.win32_2.0.0.202105311346/tools/bin/../lib/gcc/arm-none-eabi/9.3.1/../../../../arm-none-eabi/lib/thumb/v7-m/nofp\libc_nano.a(lib_a-memcpy-stub.o)
[...]
Memory Configuration

Name             Origin             Length             Attributes
RAM              0x0000000020000000 0x0000000000005000 xrw
FLASH            0x0000000008000000 0x0000000000020000 xr
*default*        0x0000000000000000 0xffffffffffffffff

Linker script and memory map

LOAD c:/st/stm32cubeide_1.7.0/stm32cubeide/plugins/com.st.stm32cube.ide.mcu.externaltools.gnu-tools-for-stm32.9-2020-q2-update.win32_2.0.0.202105311346/tools/bin/../lib/gcc/arm-none-eabi/9.3.1/thumb/v7-m/nofp/crti.o
LOAD c:/st/stm32cubeide_1.7.0/stm32cubeide/plugins/com.st.stm32cube.ide.mcu.externaltools.gnu-tools-for-stm32.9-2020-q2-update.win32_2.0.0.202105311346/tools/bin/../lib/gcc/arm-none-eabi/9.3.1/thumb/v7-m/nofp/crtbegin.o
LOAD c:/st/stm32cubeide_1.7.0/stm32cubeide/plugins/com.st.stm32cube.ide.mcu.externaltools.gnu-tools-for-stm32.9-2020-q2-update.win32_2.0.0.202105311346/tools/bin/../lib/gcc/arm-none-eabi/9.3.1/../../../../arm-none-eabi/lib/thumb/v7-m/nofp/crt0.o
LOAD ./Core/Src/fsm_automatic.o
LOAD ./Core/Src/fsm_manual.o
LOAD ./Core/Src/fsm_pedestrian.o
LOAD ./Core/Src/global.o
LOAD ./Core/Src/handle_leds.o
LOAD ./Core/Src/input_reading.o
LOAD ./Core/Src/main.o
LOAD ./Core/Src/scheduler.o
LOAD ./Core/Src/software_timer.o
LOAD ./Core/Src/stm32f1xx_hal_msp.o
LOAD ./Core/Src/stm32f1xx_it.o
LOAD ./Core/Src/syscalls.o
LOAD ./Core/Src/sysmem.o
LOAD ./Core/Src/system_stm32f1xx.o
LOAD ./Core/Src/uart_buzzer.o
LOAD ./Core/Startup/startup_stm32f103rbtx.o
LOAD ./Drivers/STM32F1xx_HAL_Driver/Src/stm32f1xx_hal.o
LOAD ./Drivers/STM32F1xx_HAL_Driver/Src/stm32f1xx_hal_cortex.o
LOAD ./Drivers/STM32F1xx_HAL_Driver/Src/stm32f1xx_hal_dma.o
LOAD ./Drivers/STM32F1xx_HAL_Driver/Src/stm32f1xx_hal_exti.o
LOAD ./Drivers/STM32F1xx_HAL_Driver/Src/stm32f1xx_hal_flash.o
LOAD ./Drivers/STM32F1xx_HAL_Driver/Src/stm32f1xx_hal_flash_ex.o
LOAD ./Drivers/STM32F1xx_HAL_Driver/Src/stm32f1xx_hal_gpio.o
LOAD ./Drivers/STM32F1xx_HAL_Driver/Src/stm32f1xx_hal_gpio_ex.o
LOAD ./Drivers/STM32F1xx_HAL_Driver/Src/stm32f1xx_hal_pwr.o
LOAD ./Drivers/STM32F1xx_HAL_Driver/Src/stm32f1xx_hal_rcc.o
LOAD ./Drivers/STM32F1xx_HAL_Driver/Src/stm32f1xx_hal_rcc_ex.o
LOAD ./Drivers/STM32F1xx_HAL_Driver/Src/stm32f1xx_hal_tim.o
LOAD ./Drivers/STM32F1xx_HAL_Driver/Src/stm32f1xx_hal_tim_ex.o
LOAD ./Drivers/STM32F1xx_HAL_Driver/Src/stm32f1xx_hal_uart.o
START GROUP
LOAD c:/st/stm32cubeide_1.7.0/stm32cubeide/plugins/com.st.stm32cube.ide.mcu.externaltools.gnu-tools-for-stm32.9-2020-q2-update.win32_2.0.0.202105311346/tools/bin/../lib/gcc/arm-none-eabi/9.3.1/../../../../arm-none-eabi/lib/thumb/v7-m/nofp\libc_nano.a
LOAD c:/st/stm32cubeide_1.7.0/stm32cubeide/plugins/com.st.stm32cube.ide.mcu.externaltools.gnu-tools-for-stm32.9-2020-q2-update.win32_2.0.0.202105311346/tools/bin/../lib/gcc/arm-none-eabi/9.3.1/../../../../arm-none-eabi/lib/thumb/v7-m/nofp\libm.a
END GROUP
START GROUP
LOAD c:/st/stm32cubeide_1.7.0/stm32cubeide/plugins/com.st.stm32cube.ide.mcu.externaltools.gnu-tools-for-stm32.9-2020-q2-update.win32_2.0.0.202105311346/tools/bin/../lib/gcc/arm-none-eabi/9.3.1/thumb/v7-m/nofp\libgcc.a
LOAD c:/st/stm32cubeide_1.7.0/stm32cubeide/plugins/com.st.stm32cube.ide.mcu.externaltools.gnu-tools-for-stm32.9-2020-q2-update.win32_2.0.0.202105311346/tools/bin/../lib/gcc/arm-none-eabi/9.3.1/../../../../arm-none-eabi/lib/thumb/v7-m/nofp\libc_nano.a
END GROUP
START GROUP
LOAD c:/st/stm32cubeide_1.7.0/stm32cubeide/plugins/com.st.stm32cube.ide.mcu.externaltools.gnu-tools-for-stm32.9-2020-q2-update.win32_2.0.0.202105311346/tools/bin/../lib/gcc/arm-none-eabi/9.3.1/thumb/v7-m/nofp\libgcc.a
LOAD c:/st/stm32cubeide_1.7.0/stm32cubeide/plugins/com.st.stm32cube.ide.mcu.externaltools.gnu-tools-for-stm32.9-2020-q2-update.win32_2.0.0.202105311346/tools/bin/../lib/gcc/arm-none-eabi/9.3.1/../../../../arm-none-eabi/lib/thumb/v7-m/nofp\libc_nano.a
LOAD c:/st/stm32cubeide_1.7.0/stm32cubeide/plugins/com.st.stm32cube.ide.mcu.externaltools.gnu-tools-for-stm32.9-2020-q2-update.win32_2.0.0.202105311346/tools/bin/../lib/gcc/arm-none-eabi/9.3.1/../../../../arm-none-eabi/lib/thumb/v7-m/nofp\libnosys.a
END GROUP
START GROUP
LOAD c:/st/stm32cubeide_1.7.0/stm32cubeide/plugins/com.st.stm32cube.ide.mcu.externaltools.gnu-tools-for-stm32.9-2020-q2-update.win32_2.0.0.202105311346/tools/bin/../lib/gcc/arm-none-eabi/9.3.1/thumb/v7-m/nofp\libgcc.a
LOAD c:/st/stm32cubeide_1.7.0/stm32cubeide/plugins/com.st.stm32cube.ide.mcu.externaltools.gnu-tools-for-stm32.9-2020-q2-update.win32_2.0.0.202105311346/tools/bin/../lib/gcc/arm-none-eabi/9.3.1/../../../../arm-none-eabi/lib/thumb/v7-m/nofp\libc_nano.a
LOAD c:/st/stm32cubeide_1.7.0/stm32cubeide/plugins/com.st.stm32cube.ide.mcu.externaltools.gnu-tools-for-stm32.9-2020-q2-update.win32_2.0.0.202105311346/tools/bin/../lib/gcc/arm-none-eabi/9.3.1/../../../../arm-none-eabi/lib/thumb/v7-m/nofp\libnosys.a
END GROUP
LOAD c:/st/stm32cubeide_1.7.0/stm32cubeide/plugins/com.st.stm32cube.ide.mcu.externaltools.gnu-tools-for-stm32.9-2020-q2-update.win32_2.0.0.202105311346/tools/bin/../lib/gcc/arm-none-eabi/9.3.1/thumb/v7-m/nofp/crtend.o
LOAD c:/st/stm32cubeide_1.7.0/stm32cubeide/plugins/com.st.stm32cube.ide.mcu.externaltools.gnu-tools-for-stm32.9-2020-q2-update.win32_2.0.0.202105311346/tools/bin/../lib/gcc/arm-none-eabi/9.3.1/thumb/v7-m/nofp/crtn.o
                0x0000000020005000                _estack = (ORIGIN (RAM) + LENGTH (RAM))
                0x0000000000000200                _Min_Heap_Size = 0x200
                0x0000000000000400                _Min_Stack_Size = 0x400

.isr_vector     0x0000000008000000      0x10c
                0x0000000008000000                . = ALIGN (0x4)
 *(.isr_vector)
 .isr_vector    0x0000000008000000      0x10c ./Core/Startup/startup_stm32f103rbtx.o
                0x0000000008000000                g_pfnVectors
                0x000000000800010c                . = ALIGN (0x4)

.text           0x000000000800010c     0x5008
                0x000000000800010c                . = ALIGN (0x4)
 *(.text)
 .text          0x000000000800010c       0x40 c:/st/stm32cubeide_1.7.0/stm32cubeide/plugins/com.st.stm32cube.ide.mcu.externaltools.gnu-tools-for-stm32.9-2020-q2-update.win32_2.0.0.202105311346/tools/bin/../lib/gcc/arm-none-eabi/9.3.1/thumb/v7-m/nofp/crtbegin.o
 *(.text*)
 .text.fsm_automatic_run
                0x000000000800014c      0x514 ./Core/Src/fsm_automatic.o
                0x000000000800014c                fsm_automatic_run
 .text.returnAutomatic
                0x0000000008000660       0x74 ./Core/Src/fsm_manual.o
                0x0000000008000660                returnAutomatic
 .text.fsm_manual_run
                0x00000000080006d4      0x2e0 ./Core/Src/fsm_manual.o
                0x00000000080006d4                fsm_manual_run
 .text.buzzerProcess
                0x00000000080009b4       0x20 ./Core/Src/fsm_pedestrian.o
                0x00000000080009b4                buzzerProcess
 .text.fsm_pedestrian_run
                0x00000000080009d4      0x264 ./Core/Src/fsm_pedestrian.o
                0x00000000080009d4                fsm_pedestrian_run
 .text.blinkLEDs
                0x0000000008000c38      0x124 ./Core/Src/handle_leds.o
                0x0000000008000c38                blinkLEDs
 .text.Traffic_setColor
                0x0000000008000d5c      0x128 ./Core/Src/handle_leds.o
                0x0000000008000d5c                Traffic_setColor
 .text.Pedestrian_setColor
                0x0000000008000e84       0x78 ./Core/Src/handle_leds.o
                0x0000000008000e84                Pedestrian_setColor
 .text.button_reading
                0x0000000008000efc      0x124 ./Core/Src/input_reading.o
                0x0000000008000efc                button_reading
 .text.isButtonPressed
                0x0000000008001020       0x44 ./Core/Src/input_reading.o
                0x0000000008001020                isButtonPressed
 .text.setBackButtonFlag
                0x0000000008001064       0x20 ./Core/Src/input_reading.o
                0x0000000008001064                setBackButtonFlag
 .text.main     0x0000000008001084       0xc0 ./Core/Src/main.o
                0x0000000008001084                main
 .text.SystemClock_Config
                0x0000000008001144       0x82 ./Core/Src/main.o
                0x0000000008001144                SystemClock_Config
 *fill*         0x00000000080011c6        0x2 
 .text.MX_TIM2_Init
                0x00000000080011c8       0x98 ./Core/Src/main.o
 .text.MX_TIM3_Init
                0x0000000008001260       0xec ./Core/Src/main.o
 .text.MX_USART2_UART_Init
                0x000000000800134c       0x54 ./Core/Src/main.o
 .text.MX_GPIO_Init
                0x00000000080013a0       0xdc ./Core/Src/main.o
 .text.HAL_TIM_PeriodElapsedCallback
                0x000000000800147c       0x14 ./Core/Src/main.o
                0x000000000800147c                HAL_TIM_PeriodElapsedCallback
 .text.Error_Handler
                0x0000000008001490        0xa ./Core/Src/main.o
                0x0000000008001490                Error_Handler
 *fill*         0x000000000800149a        0x2 
 .text.SCH_Init
                0x000000000800149c       0x8c ./Core/Src/scheduler.o
                0x000000000800149c                SCH_Init
 .text.SCH_Update
                0x0000000008001528       0x40 ./Core/Src/scheduler.o
                0x0000000008001528                SCH_Update
 .text.SCH_Add_Task
                0x0000000008001568      0x1e4 ./Core/Src/scheduler.o
                0x0000000008001568                SCH_Add_Task
 .text.SCH_Delete_Task
                0x000000000800174c       0xf0 ./Core/Src/scheduler.o
                0x000000000800174c                SCH_Delete_Task
 .text.SCH_Dispatch_Tasks
                0x000000000800183c       0x50 ./Core/Src/scheduler.o
                0x000000000800183c                SCH_Dispatch_Tasks
 .text.Get_New_Task_ID
                0x000000000800188c       0x20 ./Core/Src/scheduler.o
 .text.setTimerSecond
                0x00000000080018ac       0x38 ./Core/Src/software_timer.o
                0x00000000080018ac                setTimerSecond
 .text.setTimer
                0x00000000080018e4       0x40 ./Core/Src/software_timer.o
                0x00000000080018e4                setTimer
 .text.timerRun
                0x0000000008001924       0x60 ./Core/Src/software_timer.o
                0x0000000008001924                timerRun
 .text.timerRunSecond
                0x0000000008001984       0x34 ./Core/Src/software_timer.o
                0x0000000008001984                timerRunSecond
 .text.timerRun7SEG
                0x00000000080019b8       0x34 ./Core/Src/software_timer.o
                0x00000000080019b8                timerRun7SEG
 .text.HAL_MspInit
                0x00000000080019ec       0x64 ./Core/Src/stm32f1xx_hal_msp.o
                0x00000000080019ec                HAL_MspInit
 .text.HAL_TIM_Base_MspInit
                0x0000000008001a50       0x80 ./Core/Src/stm32f1xx_hal_msp.o
                0x0000000008001a50                HAL_TIM_Base_MspInit
 .text.HAL_TIM_MspPostInit
                0x0000000008001ad0       0x64 ./Core/Src/stm32f1xx_hal_msp.o
                0x0000000008001ad0                HAL_TIM_MspPostInit
 .text.HAL_UART_MspInit
                0x0000000008001b34       0xa4 ./Core/Src/stm32f1xx_hal_msp.o
                0x0000000008001b34                HAL_UART_MspInit
 .text.NMI_Handler
                0x0000000008001bd8        0x6 ./Core/Src/stm32f1xx_it.o
                0x0000000008001bd8                NMI_Handler
 .text.HardFault_Handler
                0x0000000008001bde        0x6 ./Core/Src/stm32f1xx_it.o
                0x0000000008001bde                HardFault_Handler
 .text.MemManage_Handler
                0x0000000008001be4        0x6 ./Core/Src/stm32f1xx_it.o
                0x0000000008001be4                MemManage_Handler
 .text.BusFault_Handler
                0x0000000008001bea        0x6 ./Core/Src/stm32f1xx_it.o
                0x0000000008001bea                BusFault_Handler
 .text.UsageFault_Handler
                0x0000000008001bf0        0x6 ./Core/Src/stm32f1xx_it.o
                0x0000000008001bf0                UsageFault_Handler
 .text.SVC_Handler
                0x0000000008001bf6        0xc ./Core/Src/stm32f1xx_it.o
                0x0000000008001bf6                SVC_Handler
 .text.DebugMon_Handler
                0x0000000008001c02        0xc ./Core/Src/stm32f1xx_it.o
                0x0000000008001c02                DebugMon_Handler
 .text.PendSV_Handler
                0x0000000008001c0e        0xc ./Core/Src/stm32f1xx_it.o
                0x0000000008001c0e                PendSV_Handler
 .text.SysTick_Handler
                0x0000000008001c1a        0xc ./Core/Src/stm32f1xx_it.o
                0x0000000008001c1a                SysTick_Handler
 *fill*         0x0000000008001c26        0x2 
 .text.TIM2_IRQHandler
                0x0000000008001c28       0x14 ./Core/Src/stm32f1xx_it.o
                0x0000000008001c28                TIM2_IRQHandler
 .text.TIM3_IRQHandler
                0x0000000008001c3c       0x14 ./Core/Src/stm32f1xx_it.o
                0x0000000008001c3c                TIM3_IRQHandler
 .text.USART2_IRQHandler
                0x0000000008001c50       0x14 ./Core/Src/stm32f1xx_it.o
                0x0000000008001c50                USART2_IRQHandler
 .text._sbrk    0x0000000008001c64       0x6c ./Core/Src/sysmem.o
                0x0000000008001c64                _sbrk
 .text.SystemInit
                0x0000000008001cd0        0xc ./Core/Src/system_stm32f1xx.o
                0x0000000008001cd0                SystemInit
 .text.buzzer   0x0000000008001cdc       0x20 ./Core/Src/uart_buzzer.o
                0x0000000008001cdc                buzzer
 .text.Reset_Handler
                0x0000000008001cfc       0x48 ./Core/Startup/startup_stm32f103rbtx.o
                0x0000000008001cfc                Reset_Handler
 .text.Default_Handler
                0x0000000008001d44        0x2 ./Core/Startup/startup_stm32f103rbtx.o
                0x0000000008001d44                RTC_Alarm_IRQHandler
                0x0000000008001d44                EXTI2_IRQHandler
                0x0000000008001d44                TIM1_CC_IRQHandler
                0x0000000008001d44                PVD_IRQHandler
                0x0000000008001d44                EXTI3_IRQHandler
                0x0000000008001d44                EXTI0_IRQHandler
                0x0000000008001d44                I2C2_EV_IRQHandler
                0x0000000008001d44                ADC1_2_IRQHandler
                0x0000000008001d44                SPI1_IRQHandler
                0x0000000008001d44                TAMPER_IRQHandler
                0x0000000008001d44                DMA1_Channel4_IRQHandler
                0x0000000008001d44                USART3_IRQHandler
                0x0000000008001d44                RTC_IRQHandler
                0x0000000008001d44                DMA1_Channel7_IRQHandler
                0x0000000008001d44                CAN1_RX1_IRQHandler
                0x0000000008001d44                TIM4_IRQHandler
                0x0000000008001d44                I2C1_EV_IRQHandler
                0x0000000008001d44                DMA1_Channel6_IRQHandler
                0x0000000008001d44                RCC_IRQHandler
                0x0000000008001d44                TIM1_TRG_COM_IRQHandler
                0x0000000008001d44                DMA1_Channel1_IRQHandler
                0x0000000008001d44                Default_Handler
                0x0000000008001d44                EXTI15_10_IRQHandler
                0x0000000008001d44                EXTI9_5_IRQHandler
                0x0000000008001d44                SPI2_IRQHandler
                0x0000000008001d44                DMA1_Channel5_IRQHandler
                0x0000000008001d44                EXTI4_IRQHandler
                0x0000000008001d44                USB_LP_CAN1_RX0_IRQHandler
                0x0000000008001d44                USB_HP_CAN1_TX_IRQHandler
                0x0000000008001d44                DMA1_Channel3_IRQHandler
                0x0000000008001d44                TIM1_UP_IRQHandler
                0x0000000008001d44                WWDG_IRQHandler
                0x0000000008001d44                TIM1_BRK_IRQHandler
                0x0000000008001d44                EXTI1_IRQHandler
                0x0000000008001d44                I2C2_ER_IRQHandler
                0x0000000008001d44                DMA1_Channel2_IRQHandler
                0x0000000008001d44                CAN1_SCE_IRQHandler
                0x0000000008001d44                FLASH_IRQHandler
                0x0000000008001d44                USART1_IRQHandler
                0x0000000008001d44                I2C1_ER_IRQHandler
                0x0000000008001d44                USBWakeUp_IRQHandler
 *fill*         0x0000000008001d46        0x2 
 .text.HAL_Init
                0x0000000008001d48       0x2c ./Drivers/STM32F1xx_HAL_Driver/Src/stm32f1xx_hal.o
                0x0000000008001d48                HAL_Init
 .text.HAL_InitTick
                0x0000000008001d74       0x60 ./Drivers/STM32F1xx_HAL_Driver/Src/stm32f1xx_hal.o
                0x0000000008001d74                HAL_InitTick
 .text.HAL_IncTick
                0x0000000008001dd4       0x24 ./Drivers/STM32F1xx_HAL_Driver/Src/stm32f1xx_hal.o
                0x0000000008001dd4                HAL_IncTick
 .text.HAL_GetTick
                0x0000000008001df8       0x14 ./Drivers/STM32F1xx_HAL_Driver/Src/stm32f1xx_hal.o
                0x0000000008001df8                HAL_GetTick
 .text.__NVIC_SetPriorityGrouping
                0x0000000008001e0c       0x48 ./Drivers/STM32F1xx_HAL_Driver/Src/stm32f1xx_hal_cortex.o
 .text.__NVIC_GetPriorityGrouping
                0x0000000008001e54       0x1c ./Drivers/STM32F1xx_HAL_Driver/Src/stm32f1xx_hal_cortex.o
 .text.__NVIC_EnableIRQ
                0x0000000008001e70       0x38 ./Drivers/STM32F1xx_HAL_Driver/Src/stm32f1xx_hal_cortex.o
 .text.__NVIC_SetPriority
                0x0000000008001ea8       0x54 ./Drivers/STM32F1xx_HAL_Driver/Src/stm32f1xx_hal_cortex.o
 .text.NVIC_EncodePriority
                0x0000000008001efc       0x64 ./Drivers/STM32F1xx_HAL_Driver/Src/stm32f1xx_hal_cortex.o
 .text.SysTick_Config
                0x0000000008001f60       0x44 ./Drivers/STM32F1xx_HAL_Driver/Src/stm32f1xx_hal_cortex.o
 .text.HAL_NVIC_SetPriorityGrouping
                0x0000000008001fa4       0x16 ./Drivers/STM32F1xx_HAL_Driver/Src/stm32f1xx_hal_cortex.o
                0x0000000008001fa4                HAL_NVIC_SetPriorityGrouping
 .text.HAL_NVIC_SetPriority
                0x0000000008001fba       0x38 ./Drivers/STM32F1xx_HAL_Driver/Src/stm32f1xx_hal_cortex.o
                0x0000000008001fba                HAL_NVIC_SetPriority
 .text.HAL_NVIC_EnableIRQ
                0x0000000008001ff2       0x1c ./Drivers/STM32F1xx_HAL_Driver/Src/stm32f1xx_hal_cortex.o
                0x0000000008001ff2                HAL_NVIC_EnableIRQ
 .text.HAL_SYSTICK_Config
                0x000000000800200e       0x18 ./Drivers/STM32F1xx_HAL_Driver/Src/stm32f1xx_hal_cortex.o
                0x000000000800200e                HAL_SYSTICK_Config
 .text.HAL_DMA_Abort
                0x0000000008002026       0x76 ./Drivers/STM32F1xx_HAL_Driver/Src/stm32f1xx_hal_dma.o
                0x0000000008002026                HAL_DMA_Abort
 .text.HAL_DMA_Abort_IT
                0x000000000800209c       0xf0 ./Drivers/STM32F1xx_HAL_Driver/Src/stm32f1xx_hal_dma.o
                0x000000000800209c                HAL_DMA_Abort_IT
 .text.HAL_GPIO_Init
                0x000000000800218c      0x308 ./Drivers/STM32F1xx_HAL_Driver/Src/stm32f1xx_hal_gpio.o
                0x000000000800218c                HAL_GPIO_Init
 .text.HAL_GPIO_ReadPin
                0x0000000008002494       0x2e ./Drivers/STM32F1xx_HAL_Driver/Src/stm32f1xx_hal_gpio.o
                0x0000000008002494                HAL_GPIO_ReadPin
 .text.HAL_GPIO_WritePin
                0x00000000080024c2       0x30 ./Drivers/STM32F1xx_HAL_Driver/Src/stm32f1xx_hal_gpio.o
                0x00000000080024c2                HAL_GPIO_WritePin
 *fill*         0x00000000080024f2        0x2 
 .text.HAL_RCC_OscConfig
                0x00000000080024f4      0x500 ./Drivers/STM32F1xx_HAL_Driver/Src/stm32f1xx_hal_rcc.o
                0x00000000080024f4                HAL_RCC_OscConfig
 .text.HAL_RCC_ClockConfig
                0x00000000080029f4      0x1d4 ./Drivers/STM32F1xx_HAL_Driver/Src/stm32f1xx_hal_rcc.o
                0x00000000080029f4                HAL_RCC_ClockConfig
 .text.HAL_RCC_GetSysClockFreq
                0x0000000008002bc8       0xa8 ./Drivers/STM32F1xx_HAL_Driver/Src/stm32f1xx_hal_rcc.o
                0x0000000008002bc8                HAL_RCC_GetSysClockFreq
 .text.HAL_RCC_GetHCLKFreq
                0x0000000008002c70       0x14 ./Drivers/STM32F1xx_HAL_Driver/Src/stm32f1xx_hal_rcc.o
                0x0000000008002c70                HAL_RCC_GetHCLKFreq
 .text.HAL_RCC_GetPCLK1Freq
                0x0000000008002c84       0x28 ./Drivers/STM32F1xx_HAL_Driver/Src/stm32f1xx_hal_rcc.o
                0x0000000008002c84                HAL_RCC_GetPCLK1Freq
 .text.HAL_RCC_GetPCLK2Freq
                0x0000000008002cac       0x28 ./Drivers/STM32F1xx_HAL_Driver/Src/stm32f1xx_hal_rcc.o
                0x0000000008002cac                HAL_RCC_GetPCLK2Freq
 .text.RCC_Delay
                0x0000000008002cd4       0x3c ./Drivers/STM32F1xx_HAL_Driver/Src/stm32f1xx_hal_rcc.o
 .text.HAL_TIM_Base_Init
                0x0000000008002d10       0x9e ./Drivers/STM32F1xx_HAL_Driver/Src/stm32f1xx_hal_tim.o
                0x0000000008002d10                HAL_TIM_Base_Init
 *fill*         0x0000000008002dae        0x2 
 .text.HAL_TIM_Base_Start_IT
                0x0000000008002db0       0xa4 ./Drivers/STM32F1xx_HAL_Driver/Src/stm32f1xx_hal_tim.o
                0x0000000008002db0                HAL_TIM_Base_Start_IT
 .text.HAL_TIM_PWM_Init
                0x0000000008002e54       0x9e ./Drivers/STM32F1xx_HAL_Driver/Src/stm32f1xx_hal_tim.o
                0x0000000008002e54                HAL_TIM_PWM_Init
 .text.HAL_TIM_PWM_MspInit
                0x0000000008002ef2       0x12 ./Drivers/STM32F1xx_HAL_Driver/Src/stm32f1xx_hal_tim.o
                0x0000000008002ef2                HAL_TIM_PWM_MspInit
 .text.HAL_TIM_PWM_Start
                0x0000000008002f04      0x144 ./Drivers/STM32F1xx_HAL_Driver/Src/stm32f1xx_hal_tim.o
                0x0000000008002f04                HAL_TIM_PWM_Start
 .text.HAL_TIM_IRQHandler
                0x0000000008003048      0x210 ./Drivers/STM32F1xx_HAL_Driver/Src/stm32f1xx_hal_tim.o
                0x0000000008003048                HAL_TIM_IRQHandler
 .text.HAL_TIM_PWM_ConfigChannel
                0x0000000008003258      0x184 ./Drivers/STM32F1xx_HAL_Driver/Src/stm32f1xx_hal_tim.o
                0x0000000008003258                HAL_TIM_PWM_ConfigChannel
 .text.HAL_TIM_ConfigClockSource
                0x00000000080033dc      0x18e ./Drivers/STM32F1xx_HAL_Driver/Src/stm32f1xx_hal_tim.o
                0x00000000080033dc                HAL_TIM_ConfigClockSource
 .text.HAL_TIM_OC_DelayElapsedCallback
                0x000000000800356a       0x12 ./Drivers/STM32F1xx_HAL_Driver/Src/stm32f1xx_hal_tim.o
                0x000000000800356a                HAL_TIM_OC_DelayElapsedCallback
 .text.HAL_TIM_IC_CaptureCallback
                0x000000000800357c       0x12 ./Drivers/STM32F1xx_HAL_Driver/Src/stm32f1xx_hal_tim.o
                0x000000000800357c                HAL_TIM_IC_CaptureCallback
 .text.HAL_TIM_PWM_PulseFinishedCallback
                0x000000000800358e       0x12 ./Drivers/STM32F1xx_HAL_Driver/Src/stm32f1xx_hal_tim.o
                0x000000000800358e                HAL_TIM_PWM_PulseFinishedCallback
 .text.HAL_TIM_TriggerCallback
                0x00000000080035a0       0x12 ./Drivers/STM32F1xx_HAL_Driver/Src/stm32f1xx_hal_tim.o
                0x00000000080035a0                HAL_TIM_TriggerCallback
 *fill*         0x00000000080035b2        0x2 
 .text.TIM_Base_SetConfig
                0x00000000080035b4       0xc4 ./Drivers/STM32F1xx_HAL_Driver/Src/stm32f1xx_hal_tim.o
                0x00000000080035b4                TIM_Base_SetConfig
 .text.TIM_OC1_SetConfig
                0x0000000008003678       0xcc ./Drivers/STM32F1xx_HAL_Driver/Src/stm32f1xx_hal_tim.o
 .text.TIM_OC2_SetConfig
                0x0000000008003744       0xd4 ./Drivers/STM32F1xx_HAL_Driver/Src/stm32f1xx_hal_tim.o
                0x0000000008003744                TIM_OC2_SetConfig
 .text.TIM_OC3_SetConfig
                0x0000000008003818       0xd4 ./Drivers/STM32F1xx_HAL_Driver/Src/stm32f1xx_hal_tim.o
 .text.TIM_OC4_SetConfig
                0x00000000080038ec       0x9c ./Drivers/STM32F1xx_HAL_Driver/Src/stm32f1xx_hal_tim.o
 .text.TIM_TI1_ConfigInputStage
                0x0000000008003988       0x5c ./Drivers/STM32F1xx_HAL_Driver/Src/stm32f1xx_hal_tim.o
 .text.TIM_TI2_ConfigInputStage
                0x00000000080039e4       0x5e ./Drivers/STM32F1xx_HAL_Driver/Src/stm32f1xx_hal_tim.o
 .text.TIM_ITRx_SetConfig
                0x0000000008003a42       0x34 ./Drivers/STM32F1xx_HAL_Driver/Src/stm32f1xx_hal_tim.o
 .text.TIM_ETR_SetConfig
                0x0000000008003a76       0x3e ./Drivers/STM32F1xx_HAL_Driver/Src/stm32f1xx_hal_tim.o
                0x0000000008003a76                TIM_ETR_SetConfig
 .text.TIM_CCxChannelCmd
                0x0000000008003ab4       0x48 ./Drivers/STM32F1xx_HAL_Driver/Src/stm32f1xx_hal_tim.o
                0x0000000008003ab4                TIM_CCxChannelCmd
 .text.HAL_TIMEx_MasterConfigSynchronization
                0x0000000008003afc       0xbc ./Drivers/STM32F1xx_HAL_Driver/Src/stm32f1xx_hal_tim_ex.o
                0x0000000008003afc                HAL_TIMEx_MasterConfigSynchronization
 .text.HAL_TIMEx_CommutCallback
                0x0000000008003bb8       0x12 ./Drivers/STM32F1xx_HAL_Driver/Src/stm32f1xx_hal_tim_ex.o
                0x0000000008003bb8                HAL_TIMEx_CommutCallback
 .text.HAL_TIMEx_BreakCallback
                0x0000000008003bca       0x12 ./Drivers/STM32F1xx_HAL_Driver/Src/stm32f1xx_hal_tim_ex.o
                0x0000000008003bca                HAL_TIMEx_BreakCallback
 .text.HAL_UART_Init
                0x0000000008003bdc       0xa0 ./Drivers/STM32F1xx_HAL_Driver/Src/stm32f1xx_hal_uart.o
                0x0000000008003bdc                HAL_UART_Init
 .text.HAL_UART_Transmit
                0x0000000008003c7c      0x106 ./Drivers/STM32F1xx_HAL_Driver/Src/stm32f1xx_hal_uart.o
                0x0000000008003c7c                HAL_UART_Transmit
 *fill*         0x0000000008003d82        0x2 
 .text.HAL_UART_IRQHandler
                0x0000000008003d84      0x524 ./Drivers/STM32F1xx_HAL_Driver/Src/stm32f1xx_hal_uart.o
                0x0000000008003d84                HAL_UART_IRQHandler
 .text.HAL_UART_TxCpltCallback
                0x00000000080042a8       0x12 ./Drivers/STM32F1xx_HAL_Driver/Src/stm32f1xx_hal_uart.o
                0x00000000080042a8                HAL_UART_TxCpltCallback
 .text.HAL_UART_RxCpltCallback
                0x00000000080042ba       0x12 ./Drivers/STM32F1xx_HAL_Driver/Src/stm32f1xx_hal_uart.o
                0x00000000080042ba                HAL_UART_RxCpltCallback
 .text.HAL_UART_ErrorCallback
                0x00000000080042cc       0x12 ./Drivers/STM32F1xx_HAL_Driver/Src/stm32f1xx_hal_uart.o
                0x00000000080042cc                HAL_UART_ErrorCallback
 .text.HAL_UARTEx_RxEventCallback
                0x00000000080042de       0x16 ./Drivers/STM32F1xx_HAL_Driver/Src/stm32f1xx_hal_uart.o
                0x00000000080042de                HAL_UARTEx_RxEventCallback
 .text.UART_WaitOnFlagUntilTimeout
                0x00000000080042f4       0xdc ./Drivers/STM32F1xx_HAL_Driver/Src/stm32f1xx_hal_uart.o
 .text.UART_EndRxTransfer
                0x00000000080043d0       0xc4 ./Drivers/STM32F1xx_HAL_Driver/Src/stm32f1xx_hal_uart.o
 .text.UART_DMAAbortOnError
                0x0000000008004494       0x28 ./Drivers/STM32F1xx_HAL_Driver/Src/stm32f1xx_hal_uart.o
 .text.UART_Transmit_IT
                0x00000000080044bc       0x9e ./Drivers/STM32F1xx_HAL_Driver/Src/stm32f1xx_hal_uart.o
 .text.UART_EndTransmit_IT
                0x000000000800455a       0x30 ./Drivers/STM32F1xx_HAL_Driver/Src/stm32f1xx_hal_uart.o
 .text.UART_Receive_IT
                0x000000000800458a      0x17c ./Drivers/STM32F1xx_HAL_Driver/Src/stm32f1xx_hal_uart.o
 *fill*         0x0000000008004706        0x2 
 .text.UART_SetConfig
                0x0000000008004708      0x11c ./Drivers/STM32F1xx_HAL_Driver/Src/stm32f1xx_hal_uart.o
 .text.__errno  0x0000000008004824        0xc c:/st/stm32cubeide_1.7.0/stm32cubeide/plugins/com.st.stm32cube.ide.mcu.externaltools.gnu-tools-for-stm32.9-2020-q2-update.win32_2.0.0.202105311346/tools/bin/../lib/gcc/arm-none-eabi/9.3.1/../../../../arm-none-eabi/lib/thumb/v7-m/nofp\libc_nano.a(lib_a-errno.o)
                0x0000000008004824                __errno
 .text.__libc_init_array
                0x0000000008004830       0x48 c:/st/stm32cubeide_1.7.0/stm32cubeide/plugins/com.st.stm32cube.ide.mcu.externaltools.gnu-tools-for-stm32.9-2020-q2-update.win32_2.0.0.202105311346/tools/bin/../lib/gcc/arm-none-eabi/9.3.1/../../../../arm-none-eabi/lib/thumb/v7-m/nofp\libc_nano.a(lib_a-init.o)
                0x0000000008004830                __libc_init_array
 .text.memset   0x0000000008004878       0x10 c:/st/stm32cubeide_1.7.0/stm32cubeide/plugins/com.st.stm32cube.ide.mcu.externaltools.gnu-tools-for-stm32.9-2020-q2-update.win32_2.0.0.202105311346/tools/bin/../lib/gcc/arm-none-eabi/9.3.1/../../../../arm-none-eabi/lib/thumb/v7-m/nofp\libc_nano.a(lib_a-memset.o)
                0x0000000008004878                memset
 .text.sprintf  0x0000000008004888       0x40 c:/st/stm32cubeide_1.7.0/stm32cubeide/plugins/com.st.stm32cube.ide.mcu.externaltools.gnu-tools-for-stm32.9-2020-q2-update.win32_2.0.0.202105311346/tools/bin/../lib/gcc/arm-none-eabi/9.3.1/../../../../arm-none-eabi/lib/thumb/v7-m/nofp\libc_nano.a(lib_a-sprintf.o)
                0x0000000008004888                siprintf
                0x0000000008004888                sprintf
 .text.__ssputs_r
                0x00000000080048c8       0xb6 c:/st/stm32cubeide_1.7.0/stm32cubeide/plugins/com.st.stm32cube.ide.mcu.externaltools.gnu-tools-for-stm32.9-2020-q2-update.win32_2.0.0.202105311346/tools/bin/../lib/gcc/arm-none-eabi/9.3.1/../../../../arm-none-eabi/lib/thumb/v7-m/nofp\libc_nano.a(lib_a-nano-svfprintf.o)
                0x00000000080048c8                __ssputs_r
 *fill*         0x000000000800497e        0x2 
 .text._svfprintf_r
                0x0000000008004980      0x200 c:/st/stm32cubeide_1.7.0/stm32cubeide/plugins/com.st.stm32cube.ide.mcu.externaltools.gnu-tools-for-stm32.9-2020-q2-update.win32_2.0.0.202105311346/tools/bin/../lib/gcc/arm-none-eabi/9.3.1/../../../../arm-none-eabi/lib/thumb/v7-m/nofp\libc_nano.a(lib_a-nano-svfprintf.o)
                0x0000000008004980                _svfiprintf_r
                0x0000000008004980                _svfprintf_r
 .text._printf_common
                0x0000000008004b80       0xde c:/st/stm32cubeide_1.7.0/stm32cubeide/plugins/com.st.stm32cube.ide.mcu.externaltools.gnu-tools-for-stm32.9-2020-q2-update.win32_2.0.0.202105311346/tools/bin/../lib/gcc/arm-none-eabi/9.3.1/../../../../arm-none-eabi/lib/thumb/v7-m/nofp\libc_nano.a(lib_a-nano-vfprintf_i.o)
                0x0000000008004b80                _printf_common
 *fill*         0x0000000008004c5e        0x2 
 .text._printf_i
                0x0000000008004c60      0x24c c:/st/stm32cubeide_1.7.0/stm32cubeide/plugins/com.st.stm32cube.ide.mcu.externaltools.gnu-tools-for-stm32.9-2020-q2-update.win32_2.0.0.202105311346/tools/bin/../lib/gcc/arm-none-eabi/9.3.1/../../../../arm-none-eabi/lib/thumb/v7-m/nofp\libc_nano.a(lib_a-nano-vfprintf_i.o)
                0x0000000008004c60                _printf_i
 .text.memchr   0x0000000008004eac       0x1c c:/st/stm32cubeide_1.7.0/stm32cubeide/plugins/com.st.stm32cube.ide.mcu.externaltools.gnu-tools-for-stm32.9-2020-q2-update.win32_2.0.0.202105311346/tools/bin/../lib/gcc/arm-none-eabi/9.3.1/../../../../arm-none-eabi/lib/thumb/v7-m/nofp\libc_nano.a(lib_a-memchr-stub.o)
                0x0000000008004eac                memchr
 .text.memcpy   0x0000000008004ec8       0x1c c:/st/stm32cubeide_1.7.0/stm32cubeide/plugins/com.st.stm32cube.ide.mcu.externaltools.gnu-tools-for-stm32.9-2020-q2-update.win32_2.0.0.202105311346/tools/bin/../lib/gcc/arm-none-eabi/9.3.1/../../../../arm-none-eabi/lib/thumb/v7-m/nofp\libc_nano.a(lib_a-memcpy-stub.o)
                0x0000000008004ec8                memcpy
 .text.memmove  0x0000000008004ee4       0x34 c:/st/stm32cubeide_1.7.0/stm32cubeide/plugins/com.st.stm32cube.ide.mcu.externaltools.gnu-tools-for-stm32.9-2020-q2-update.win32_2.0.0.202105311346/tools/bin/../lib/gcc/arm-none-eabi/9.3.1/../../../../arm-none-eabi/lib/thumb/v7-m/nofp\libc_nano.a(lib_a-memmove.o)
                0x0000000008004ee4                memmove
 .text._free_r  0x0000000008004f18       0x98 c:/st/stm32cubeide_1.7.0/stm32cubeide/plugins/com.st.stm32cube.ide.mcu.externaltools.gnu-tools-for-stm32.9-2020-q2-update.win32_2.0.0.202105311346/tools/bin/../lib/gcc/arm-none-eabi/9.3.1/../../../../arm-none-eabi/lib/thumb/v7-m/nofp\libc_nano.a(lib_a-nano-freer.o)
                0x0000000008004f18                _free_r
 .text._malloc_r
                0x0000000008004fb0       0xb4 c:/st/stm32cubeide_1.7.0/stm32cubeide/plugins/com.st.stm32cube.ide.mcu.externaltools.gnu-tools-for-stm32.9-2020-q2-update.win32_2.0.0.202105311346/tools/bin/../lib/gcc/arm-none-eabi/9.3.1/../../../../arm-none-eabi/lib/thumb/v7-m/nofp\libc_nano.a(lib_a-nano-mallocr.o)
                0x0000000008004fb0                _malloc_r
 .text._realloc_r
                0x0000000008005064       0x4c c:/st/stm32cubeide_1.7.0/stm32cubeide/plugins/com.st.stm32cube.ide.mcu.externaltools.gnu-tools-for-stm32.9-2020-q2-update.win32_2.0.0.202105311346/tools/bin/../lib/gcc/arm-none-eabi/9.3.1/../../../../arm-none-eabi/lib/thumb/v7-m/nofp\libc_nano.a(lib_a-nano-reallocr.o)
                0x0000000008005064                _realloc_r
 .text._sbrk_r  0x00000000080050b0       0x20 c:/st/stm32cubeide_1.7.0/stm32cubeide/plugins/com.st.stm32cube.ide.mcu.externaltools.gnu-tools-for-stm32.9-2020-q2-update.win32_2.0.0.202105311346/tools/bin/../lib/gcc/arm-none-eabi/9.3.1/../../../../arm-none-eabi/lib/thumb/v7-m/nofp\libc_nano.a(lib_a-sbrkr.o)
                0x00000000080050b0                _sbrk_r
 .text.__malloc_lock
                0x00000000080050d0        0xc c:/st/stm32cubeide_1.7.0/stm32cubeide/plugins/com.st.stm32cube.ide.mcu.externaltools.gnu-tools-for-stm32.9-2020-q2-update.win32_2.0.0.202105311346/tools/bin/../lib/gcc/arm-none-eabi/9.3.1/../../../../arm-none-eabi/lib/thumb/v7-m/nofp\libc_nano.a(lib_a-mlock.o)
                0x00000000080050d0                __malloc_lock
 .text.__malloc_unlock
                0x00000000080050dc        0xc c:/st/stm32cubeide_1.7.0/stm32cubeide/plugins/com.st.stm32cube.ide.mcu.externaltools.gnu-tools-for-stm32.9-2020-q2-update.win32_2.0.0.202105311346/tools/bin/../lib/gcc/arm-none-eabi/9.3.1/../../../../arm-none-eabi/lib/thumb/v7-m/nofp\libc_nano.a(lib_a-mlock.o)
                0x00000000080050dc                __malloc_unlock
 .text._malloc_usable_size_r
                0x00000000080050e8       0x10 c:/st/stm32cubeide_1.7.0/stm32cubeide/plugins/com.st.stm32cube.ide.mcu.externaltools.gnu-tools-for-stm32.9-2020-q2-update.win32_2.0.0.202105311346/tools/bin/../lib/gcc/arm-none-eabi/9.3.1/../../../../arm-none-eabi/lib/thumb/v7-m/nofp\libc_nano.a(lib_a-nano-msizer.o)
                0x00000000080050e8                _malloc_usable_size_r
 .text.__retarget_lock_acquire_recursive
                0x00000000080050f8        0x2 c:/st/stm32cubeide_1.7.0/stm32cubeide/plugins/com.st.stm32cube.ide.mcu.externaltools.gnu-tools-for-stm32.9-2020-q2-update.win32_2.0.0.202105311346/tools/bin/../lib/gcc/arm-none-eabi/9.3.1/../../../../arm-none-eabi/lib/thumb/v7-m/nofp\libc_nano.a(lib_a-lock.o)
                0x00000000080050f8                __retarget_lock_acquire_recursive
 .text.__retarget_lock_release_recursive
                0x00000000080050fa        0x2 c:/st/stm32cubeide_1.7.0/stm32cubeide/plugins/com.st.stm32cube.ide.mcu.externaltools.gnu-tools-for-stm32.9-2020-q2-update.win32_2.0.0.202105311346/tools/bin/../lib/gcc/arm-none-eabi/9.3.1/../../../../arm-none-eabi/lib/thumb/v7-m/nofp\libc_nano.a(lib_a-lock.o)
                0x00000000080050fa                __retarget_lock_release_recursive
 *(.glue_7)
 .glue_7        0x00000000080050fc        0x0 linker stubs
 *(.glue_7t)
 .glue_7t       0x00000000080050fc        0x0 linker stubs
 *(.eh_frame)
 .eh_frame      0x00000000080050fc        0x0 c:/st/stm32cubeide_1.7.0/stm32cubeide/plugins/com.st.stm32cube.ide.mcu.externaltools.gnu-tools-for-stm32.9-2020-q2-update.win32_2.0.0.202105311346/tools/bin/../lib/gcc/arm-none-eabi/9.3.1/thumb/v7-m/nofp/crtbegin.o
 *(.init)
 .init          0x00000000080050fc        0x4 c:/st/stm32cubeide_1.7.0/stm32cubeide/plugins/com.st.stm32cube.ide.mcu.externaltools.gnu-tools-for-stm32.9-2020-q2-update.win32_2.0.0.202105311346/tools/bin/../lib/gcc/arm-none-eabi/9.3.1/thumb/v7-m/nofp/crti.o
                0x00000000080050fc                _init
 .init          0x0000000008005100        0x8 c:/st/stm32cubeide_1.7.0/stm32cubeide/plugins/com.st.stm32cube.ide.mcu.externaltools.gnu-tools-for-stm32.9-2020-q2-update.win32_2.0.0.202105311346/tools/bin/../lib/gcc/arm-none-eabi/9.3.1/thumb/v7-m/nofp/crtn.o
 *(.fini)
 .fini          0x0000000008005108        0x4 c:/st/stm32cubeide_1.7.0/stm32cubeide/plugins/com.st.stm32cube.ide.mcu.externaltools.gnu-tools-for-stm32.9-2020-q2-update.win32_2.0.0.202105311346/tools/bin/../lib/gcc/arm-none-eabi/9.3.1/thumb/v7-m/nofp/crti.o
                0x0000000008005108                _fini
 .fini          0x000000000800510c        0x8 c:/st/stm32cubeide_1.7.0/stm32cubeide/plugins/com.st.stm32cube.ide.mcu.externaltools.gnu-tools-for-stm32.9-2020-q2-update.win32_2.0.0.202105311346/tools/bin/../lib/gcc/arm-none-eabi/9.3.1/thumb/v7-m/nofp/crtn.o
                0x0000000008005114                . = ALIGN (0x4)
                0x0000000008005114                _etext = .

.vfp11_veneer   0x0000000008005114        0x0
 .vfp11_veneer  0x0000000008005114        0x0 linker stubs

.v4_bx          0x0000000008005114        0x0
 .v4_bx         0x0000000008005114        0x0 linker stubs

.iplt           0x0000000008005114        0x0
 .iplt          0x0000000008005114        0x0 c:/st/stm32cubeide_1.7.0/stm32cubeide/plugins/com.st.stm32cube.ide.mcu.externaltools.gnu-tools-for-stm32.9-2020-q2-update.win32_2.0.0.202105311346/tools/bin/../lib/gcc/arm-none-eabi/9.3.1/thumb/v7-m/nofp/crtbegin.o

.rodata         0x0000000008005114       0x84
                0x0000000008005114                . = ALIGN (0x4)
 *(.rodata)
 .rodata        0x0000000008005114       0x22 ./Core/Src/fsm_automatic.o
 *(.rodata*)
 *fill*         0x0000000008005136        0x2 
 .rodata.AHBPrescTable
                0x0000000008005138       0x10 ./Core/Src/system_stm32f1xx.o
                0x0000000008005138                AHBPrescTable
 .rodata.APBPrescTable
                0x0000000008005148        0x8 ./Core/Src/system_stm32f1xx.o
                0x0000000008005148                APBPrescTable
 .rodata.aPLLMULFactorTable.6196
                0x0000000008005150       0x10 ./Drivers/STM32F1xx_HAL_Driver/Src/stm32f1xx_hal_rcc.o
 .rodata.aPredivFactorTable.6197
                0x0000000008005160        0x2 ./Drivers/STM32F1xx_HAL_Driver/Src/stm32f1xx_hal_rcc.o
 .rodata._svfprintf_r.str1.1
                0x0000000008005162       0x11 c:/st/stm32cubeide_1.7.0/stm32cubeide/plugins/com.st.stm32cube.ide.mcu.externaltools.gnu-tools-for-stm32.9-2020-q2-update.win32_2.0.0.202105311346/tools/bin/../lib/gcc/arm-none-eabi/9.3.1/../../../../arm-none-eabi/lib/thumb/v7-m/nofp\libc_nano.a(lib_a-nano-svfprintf.o)
 .rodata._printf_i.str1.1
                0x0000000008005173       0x22 c:/st/stm32cubeide_1.7.0/stm32cubeide/plugins/com.st.stm32cube.ide.mcu.externaltools.gnu-tools-for-stm32.9-2020-q2-update.win32_2.0.0.202105311346/tools/bin/../lib/gcc/arm-none-eabi/9.3.1/../../../../arm-none-eabi/lib/thumb/v7-m/nofp\libc_nano.a(lib_a-nano-vfprintf_i.o)
                0x0000000008005198                . = ALIGN (0x4)
 *fill*         0x0000000008005195        0x3 

.rel.dyn        0x0000000008005198        0x0
 .rel.iplt      0x0000000008005198        0x0 c:/st/stm32cubeide_1.7.0/stm32cubeide/plugins/com.st.stm32cube.ide.mcu.externaltools.gnu-tools-for-stm32.9-2020-q2-update.win32_2.0.0.202105311346/tools/bin/../lib/gcc/arm-none-eabi/9.3.1/thumb/v7-m/nofp/crtbegin.o

.ARM.extab      0x0000000008005198        0x0
                0x0000000008005198                . = ALIGN (0x4)
 *(.ARM.extab* .gnu.linkonce.armextab.*)
                0x0000000008005198                . = ALIGN (0x4)

.ARM            0x0000000008005198        0x0
                0x0000000008005198                . = ALIGN (0x4)
                0x0000000008005198                __exidx_start = .
 *(.ARM.exidx*)
                0x0000000008005198                __exidx_end = .
                0x0000000008005198                . = ALIGN (0x4)

.preinit_array  0x0000000008005198        0x0
                0x0000000008005198                . = ALIGN (0x4)
                0x0000000008005198                PROVIDE (__preinit_array_start = .)
 *(.preinit_array*)
                0x0000000008005198                PROVIDE (__preinit_array_end = .)
                0x0000000008005198                . = ALIGN (0x4)

.init_array     0x0000000008005198        0x4
                0x0000000008005198                . = ALIGN (0x4)
                0x0000000008005198                PROVIDE (__init_array_start = .)
 *(SORT_BY_NAME(.init_array.*))
 *(.init_array*)
 .init_array    0x0000000008005198        0x4 c:/st/stm32cubeide_1.7.0/stm32cubeide/plugins/com.st.stm32cube.ide.mcu.externaltools.gnu-tools-for-stm32.9-2020-q2-update.win32_2.0.0.202105311346/tools/bin/../lib/gcc/arm-none-eabi/9.3.1/thumb/v7-m/nofp/crtbegin.o
                0x000000000800519c                PROVIDE (__init_array_end = .)
                0x000000000800519c                . = ALIGN (0x4)

.fini_array     0x000000000800519c        0x4
                0x000000000800519c                . = ALIGN (0x4)
                [!provide]                        PROVIDE (__fini_array_start = .)
 *(SORT_BY_NAME(.fini_array.*))
 *(.fini_array*)
 .fini_array    0x000000000800519c        0x4 c:/st/stm32cubeide_1.7.0/stm32cubeide/plugins/com.st.stm32cube.ide.mcu.externaltools.gnu-tools-for-stm32.9-2020-q2-update.win32_2.0.0.202105311346/tools/bin/../lib/gcc/arm-none-eabi/9.3.1/thumb/v7-m/nofp/crtbegin.o
                [!provide]                        PROVIDE (__fini_array_end = .)
                0x00000000080051a0                . = ALIGN (0x4)
                0x00000000080051a0                _sidata = LOADADDR (.data)

.data           0x0000000020000000       0xb4 load address 0x00000000080051a0
                0x0000000020000000                . = ALIGN (0x4)
                0x0000000020000000                _sdata = .
 *(.data)
 *(.data*)
 .data.pedestrianStatus
                0x0000000020000000        0x4 ./Core/Src/fsm_pedestrian.o
                0x0000000020000000                pedestrianStatus
 .data.speed    0x0000000020000004       0x14 ./Core/Src/fsm_pedestrian.o
                0x0000000020000004                speed
 .data.status   0x0000000020000018        0x4 ./Core/Src/global.o
                0x0000000020000018                status
 .data.durationRED
                0x000000002000001c        0x4 ./Core/Src/global.o
                0x000000002000001c                durationRED
 .data.durationYELLOW
                0x0000000020000020        0x4 ./Core/Src/global.o
                0x0000000020000020                durationYELLOW
 .data.durationGREEN
                0x0000000020000024        0x4 ./Core/Src/global.o
                0x0000000020000024                durationGREEN
 .data.buttonBuffer
                0x0000000020000028        0x4 ./Core/Src/input_reading.o
 .data.pins     0x000000002000002c        0x8 ./Core/Src/input_reading.o
                0x000000002000002c                pins
 .data.ports    0x0000000020000034       0x10 ./Core/Src/input_reading.o
                0x0000000020000034                ports
 .data.SystemCoreClock
                0x0000000020000044        0x4 ./Core/Src/system_stm32f1xx.o
                0x0000000020000044                SystemCoreClock
 .data.uwTickPrio
                0x0000000020000048        0x4 ./Drivers/STM32F1xx_HAL_Driver/Src/stm32f1xx_hal.o
                0x0000000020000048                uwTickPrio
 .data.uwTickFreq
                0x000000002000004c        0x1 ./Drivers/STM32F1xx_HAL_Driver/Src/stm32f1xx_hal.o
                0x000000002000004c                uwTickFreq
 *fill*         0x000000002000004d        0x3 
 .data._impure_ptr
                0x0000000020000050        0x4 c:/st/stm32cubeide_1.7.0/stm32cubeide/plugins/com.st.stm32cube.ide.mcu.externaltools.gnu-tools-for-stm32.9-2020-q2-update.win32_2.0.0.202105311346/tools/bin/../lib/gcc/arm-none-eabi/9.3.1/../../../../arm-none-eabi/lib/thumb/v7-m/nofp\libc_nano.a(lib_a-impure.o)
                0x0000000020000050                _impure_ptr
 .data.impure_data
                0x0000000020000054       0x60 c:/st/stm32cubeide_1.7.0/stm32cubeide/plugins/com.st.stm32cube.ide.mcu.externaltools.gnu-tools-for-stm32.9-2020-q2-update.win32_2.0.0.202105311346/tools/bin/../lib/gcc/arm-none-eabi/9.3.1/../../../../arm-none-eabi/lib/thumb/v7-m/nofp\libc_nano.a(lib_a-impure.o)
 *(.RamFunc)
 *(.RamFunc*)
                0x00000000200000b4                . = ALIGN (0x4)
                0x00000000200000b4                _edata = .

.igot.plt       0x00000000200000b4        0x0 load address 0x0000000008005254
 .igot.plt      0x00000000200000b4        0x0 c:/st/stm32cubeide_1.7.0/stm32cubeide/plugins/com.st.stm32cube.ide.mcu.externaltools.gnu-tools-for-stm32.9-2020-q2-update.win32_2.0.0.202105311346/tools/bin/../lib/gcc/arm-none-eabi/9.3.1/thumb/v7-m/nofp/crtbegin.o
                0x00000000200000b4                . = ALIGN (0x4)

.bss            0x00000000200000b4      0x274 load address 0x0000000008005254
                0x00000000200000b4                _sbss = .
                0x00000000200000b4                __bss_start__ = _sbss
 *(.bss)
 .bss           0x00000000200000b4       0x1c c:/st/stm32cubeide_1.7.0/stm32cubeide/plugins/com.st.stm32cube.ide.mcu.externaltools.gnu-tools-for-stm32.9-2020-q2-update.win32_2.0.0.202105311346/tools/bin/../lib/gcc/arm-none-eabi/9.3.1/thumb/v7-m/nofp/crtbegin.o
 *(.bss*)
 .bss.pedestrianFlag
                0x00000000200000d0        0x4 ./Core/Src/fsm_pedestrian.o
                0x00000000200000d0                pedestrianFlag
 .bss.indexForSpeed
                0x00000000200000d4        0x4 ./Core/Src/fsm_pedestrian.o
                0x00000000200000d4                indexForSpeed
 .bss.timerTraffic1
                0x00000000200000d8        0x4 ./Core/Src/global.o
                0x00000000200000d8                timerTraffic1
 .bss.timerTraffic2
                0x00000000200000dc        0x4 ./Core/Src/global.o
                0x00000000200000dc                timerTraffic2
 .bss.buzzer_value
                0x00000000200000e0        0x4 ./Core/Src/global.o
                0x00000000200000e0                buzzer_value
 .bss.blinkFlag1
                0x00000000200000e4        0x4 ./Core/Src/handle_leds.o
                0x00000000200000e4                blinkFlag1
 .bss.blinkFlag2
                0x00000000200000e8        0x4 ./Core/Src/handle_leds.o
                0x00000000200000e8                blinkFlag2
 .bss.debounceButtonBuffer1
                0x00000000200000ec        0x4 ./Core/Src/input_reading.o
 .bss.debounceButtonBuffer2
                0x00000000200000f0        0x4 ./Core/Src/input_reading.o
 .bss.debounceButtonBuffer3
                0x00000000200000f4        0x4 ./Core/Src/input_reading.o
 .bss.buttonFlag
                0x00000000200000f8       0x10 ./Core/Src/input_reading.o
                0x00000000200000f8                buttonFlag
 .bss.buttonTimeOut
                0x0000000020000108       0x10 ./Core/Src/input_reading.o
                0x0000000020000108                buttonTimeOut
 .bss.SCH_tasks_Array
                0x0000000020000118       0xc8 ./Core/Src/scheduler.o
 .bss.newTaskID
                0x00000000200001e0        0x4 ./Core/Src/scheduler.o
 .bss.timer7SEG
                0x00000000200001e4        0x4 ./Core/Src/software_timer.o
                0x00000000200001e4                timer7SEG
 .bss.counter7SEG
                0x00000000200001e8        0x4 ./Core/Src/software_timer.o
                0x00000000200001e8                counter7SEG
 .bss.timerSecond
                0x00000000200001ec        0x4 ./Core/Src/software_timer.o
                0x00000000200001ec                timerSecond
 .bss.counterSecond
                0x00000000200001f0        0x4 ./Core/Src/software_timer.o
                0x00000000200001f0                counterSecond
 .bss.timerFlag
                0x00000000200001f4       0x18 ./Core/Src/software_timer.o
                0x00000000200001f4                timerFlag
 .bss.counter   0x000000002000020c       0x18 ./Core/Src/software_timer.o
                0x000000002000020c                counter
 .bss.__sbrk_heap_end
                0x0000000020000224        0x4 ./Core/Src/sysmem.o
 .bss.__malloc_free_list
                0x0000000020000228        0x4 c:/st/stm32cubeide_1.7.0/stm32cubeide/plugins/com.st.stm32cube.ide.mcu.externaltools.gnu-tools-for-stm32.9-2020-q2-update.win32_2.0.0.202105311346/tools/bin/../lib/gcc/arm-none-eabi/9.3.1/../../../../arm-none-eabi/lib/thumb/v7-m/nofp\libc_nano.a(lib_a-nano-mallocr.o)
                0x0000000020000228                __malloc_free_list
 .bss.__malloc_sbrk_start
                0x000000002000022c        0x4 c:/st/stm32cubeide_1.7.0/stm32cubeide/plugins/com.st.stm32cube.ide.mcu.externaltools.gnu-tools-for-stm32.9-2020-q2-update.win32_2.0.0.202105311346/tools/bin/../lib/gcc/arm-none-eabi/9.3.1/../../../../arm-none-eabi/lib/thumb/v7-m/nofp\libc_nano.a(lib_a-nano-mallocr.o)
                0x000000002000022c                __malloc_sbrk_start
 *(COMMON)
 COMMON         0x0000000020000230        0xc ./Core/Src/fsm_automatic.o
                0x0000000020000230                GREEN_sec
                0x0000000020000234                YELLOW_sec
                0x0000000020000238                RED_sec
 COMMON         0x000000002000023c       0xd8 ./Core/Src/main.o
                0x000000002000023c                htim3
                0x0000000020000284                htim2
                0x00000000200002cc                huart2
 COMMON         0x0000000020000314        0x4 ./Drivers/STM32F1xx_HAL_Driver/Src/stm32f1xx_hal.o
                0x0000000020000314                uwTick
 COMMON         0x0000000020000318        0x4 c:/st/stm32cubeide_1.7.0/stm32cubeide/plugins/com.st.stm32cube.ide.mcu.externaltools.gnu-tools-for-stm32.9-2020-q2-update.win32_2.0.0.202105311346/tools/bin/../lib/gcc/arm-none-eabi/9.3.1/../../../../arm-none-eabi/lib/thumb/v7-m/nofp\libc_nano.a(lib_a-reent.o)
                0x0000000020000318                errno
 COMMON         0x000000002000031c        0x9 c:/st/stm32cubeide_1.7.0/stm32cubeide/plugins/com.st.stm32cube.ide.mcu.externaltools.gnu-tools-for-stm32.9-2020-q2-update.win32_2.0.0.202105311346/tools/bin/../lib/gcc/arm-none-eabi/9.3.1/../../../../arm-none-eabi/lib/thumb/v7-m/nofp\libc_nano.a(lib_a-lock.o)
                0x000000002000031c                __lock___atexit_recursive_mutex
                0x000000002000031d                __lock___arc4random_mutex
                0x000000002000031e                __lock___env_recursive_mutex
                0x000000002000031f                __lock___sinit_recursive_mutex
                0x0000000020000320                __lock___malloc_recursive_mutex
                0x0000000020000321                __lock___at_quick_exit_mutex
                0x0000000020000322                __lock___dd_hash_mutex
                0x0000000020000323                __lock___tz_mutex
                0x0000000020000324                __lock___sfp_recursive_mutex
                0x0000000020000328                . = ALIGN (0x4)
 *fill*         0x0000000020000325        0x3 
                0x0000000020000328                _ebss = .
                0x0000000020000328                __bss_end__ = _ebss

._user_heap_stack
                0x0000000020000328      0x600 load address 0x0000000008005254
                0x0000000020000328                . = ALIGN (0x8)
                [!provide]                        PROVIDE (end = .)
                0x0000000020000328                PROVIDE (_end = .)
                0x0000000020000528                . = (. + _Min_Heap_Size)
 *fill*         0x0000000020000328      0x200 
                0x0000000020000928                . = (. + _Min_Stack_Size)
 *fill*         0x0000000020000528      0x400 
                0x0000000020000928                . = ALIGN (0x8)

/DISCARD/
 libc.a(*)
 libm.a(*)
 libgcc.a(*)

.ARM.attributes
                0x0000000000000000       0x29
 *(.ARM.attributes)
 .ARM.attributes
                0x0000000000000000       0x1d c:/st/stm32cubeide_1.7.0/stm32cubeide/plugins/com.st.stm32cube.ide.mcu.externaltools.gnu-tools-for-stm32.9-2020-q2-update.win32_2.0.0.202105311346/tools/bin/../lib/gcc/arm-none-eabi/9.3.1/thumb/v7-m/nofp/crti.o
 .ARM.attributes
                0x000000000000001d       0x2d c:/st/stm32cubeide_1.7.0/stm32cubeide/plugins/com.st.stm32cube.ide.mcu.externaltools.gnu-tools-for-stm32.9-2020-q2-update.win32_2.0.0.202105311346/tools/bin/../lib/gcc/arm-none-eabi/9.3.1/thumb/v7-m/nofp/crtbegin.o
 .ARM.attributes
                0x000000000000004a       0x2d ./Core/Src/fsm_automatic.o
 .ARM.attributes
                0x0000000000000077       0x2d ./Core/Src/fsm_manual.o
 .ARM.attributes
                0x00000000000000a4       0x2d ./Core/Src/fsm_pedestrian.o
 .ARM.attributes
                0x00000000000000d1       0x33 ./Core/Src/global.o
 .ARM.attributes
                0x0000000000000104       0x2d ./Core/Src/handle_leds.o
 .ARM.attributes
                0x0000000000000131       0x2d ./Core/Src/input_reading.o
 .ARM.attributes
                0x000000000000015e       0x2d ./Core/Src/main.o
 .ARM.attributes
                0x000000000000018b       0x2d ./Core/Src/scheduler.o
 .ARM.attributes
                0x00000000000001b8       0x2d ./Core/Src/software_timer.o
 .ARM.attributes
                0x00000000000001e5       0x2d ./Core/Src/stm32f1xx_hal_msp.o
 .ARM.attributes
                0x0000000000000212       0x2d ./Core/Src/stm32f1xx_it.o
 .ARM.attributes
                0x000000000000023f       0x2d ./Core/Src/sysmem.o
 .ARM.attributes
                0x000000000000026c       0x2d ./Core/Src/system_stm32f1xx.o
 .ARM.attributes
                0x0000000000000299       0x2d ./Core/Src/uart_buzzer.o
 .ARM.attributes
                0x00000000000002c6       0x21 ./Core/Startup/startup_stm32f103rbtx.o
 .ARM.attributes
                0x00000000000002e7       0x2d ./Drivers/STM32F1xx_HAL_Driver/Src/stm32f1xx_hal.o
 .ARM.attributes
                0x0000000000000314       0x2d ./Drivers/STM32F1xx_HAL_Driver/Src/stm32f1xx_hal_cortex.o
 .ARM.attributes
                0x0000000000000341       0x2d ./Drivers/STM32F1xx_HAL_Driver/Src/stm32f1xx_hal_dma.o
 .ARM.attributes
                0x000000000000036e       0x2d ./Drivers/STM32F1xx_HAL_Driver/Src/stm32f1xx_hal_gpio.o
 .ARM.attributes
                0x000000000000039b       0x2d ./Drivers/STM32F1xx_HAL_Driver/Src/stm32f1xx_hal_rcc.o
 .ARM.attributes
                0x00000000000003c8       0x2d ./Drivers/STM32F1xx_HAL_Driver/Src/stm32f1xx_hal_tim.o
 .ARM.attributes
                0x00000000000003f5       0x2d ./Drivers/STM32F1xx_HAL_Driver/Src/stm32f1xx_hal_tim_ex.o
 .ARM.attributes
                0x0000000000000422       0x2d ./Drivers/STM32F1xx_HAL_Driver/Src/stm32f1xx_hal_uart.o
 .ARM.attributes
                0x000000000000044f       0x2d c:/st/stm32cubeide_1.7.0/stm32cubeide/plugins/com.st.stm32cube.ide.mcu.externaltools.gnu-tools-for-stm32.9-2020-q2-update.win32_2.0.0.202105311346/tools/bin/../lib/gcc/arm-none-eabi/9.3.1/../../../../arm-none-eabi/lib/thumb/v7-m/nofp\libc_nano.a(lib_a-errno.o)
 .ARM.attributes
                0x000000000000047c       0x2d c:/st/stm32cubeide_1.7.0/stm32cubeide/plugins/com.st.stm32cube.ide.mcu.externaltools.gnu-tools-for-stm32.9-2020-q2-update.win32_2.0.0.202105311346/tools/bin/../lib/gcc/arm-none-eabi/9.3.1/../../../../arm-none-eabi/lib/thumb/v7-m/nofp\libc_nano.a(lib_a-impure.o)
 .ARM.attributes
                0x00000000000004a9       0x2d c:/st/stm32cubeide_1.7.0/stm32cubeide/plugins/com.st.stm32cube.ide.mcu.externaltools.gnu-tools-for-stm32.9-2020-q2-update.win32_2.0.0.202105311346/tools/bin/../lib/gcc/arm-none-eabi/9.3.1/../../../../arm-none-eabi/lib/thumb/v7-m/nofp\libc_nano.a(lib_a-init.o)
 .ARM.attributes
                0x00000000000004d6       0x2d c:/st/stm32cubeide_1.7.0/stm32cubeide/plugins/com.st.stm32cube.ide.mcu.externaltools.gnu-tools-for-stm32.9-2020-q2-update.win32_2.0.0.202105311346/tools/bin/../lib/gcc/arm-none-eabi/9.3.1/../../../../arm-none-eabi/lib/thumb/v7-m/nofp\libc_nano.a(lib_a-memset.o)
 .ARM.attributes
                0x0000000000000503       0x2d c:/st/stm32cubeide_1.7.0/stm32cubeide/plugins/com.st.stm32cube.ide.mcu.externaltools.gnu-tools-for-stm32.9-2020-q2-update.win32_2.0.0.202105311346/tools/bin/../lib/gcc/arm-none-eabi/9.3.1/../../../../arm-none-eabi/lib/thumb/v7-m/nofp\libc_nano.a(lib_a-sprintf.o)
 .ARM.attributes
                0x0000000000000530       0x2d c:/st/stm32cubeide_1.7.0/stm32cubeide/plugins/com.st.stm32cube.ide.mcu.externaltools.gnu-tools-for-stm32.9-2020-q2-update.win32_2.0.0.202105311346/tools/bin/../lib/gcc/arm-none-eabi/9.3.1/../../../../arm-none-eabi/lib/thumb/v7-m/nofp\libc_nano.a(lib_a-nano-svfprintf.o)
 .ARM.attributes
                0x000000000000055d       0x2d c:/st/stm32cubeide_1.7.0/stm32cubeide/plugins/com.st.stm32cube.ide.mcu.externaltools.gnu-tools-for-stm32.9-2020-q2-update.win32_2.0.0.202105311346/tools/bin/../lib/gcc/arm-none-eabi/9.3.1/../../../../arm-none-eabi/lib/thumb/v7-m/nofp\libc_nano.a(lib_a-nano-vfprintf_i.o)
 .ARM.attributes
                0x000000000000058a       0x2d c:/st/stm32cubeide_1.7.0/stm32cubeide/plugins/com.st.stm32cube.ide.mcu.externaltools.gnu-tools-for-stm32.9-2020-q2-update.win32_2.0.0.202105311346/tools/bin/../lib/gcc/arm-none-eabi/9.3.1/../../../../arm-none-eabi/lib/thumb/v7-m/nofp\libc_nano.a(lib_a-memchr-stub.o)
 .ARM.attributes
                0x00000000000005b7       0x2d c:/st/stm32cubeide_1.7.0/stm32cubeide/plugins/com.st.stm32cube.ide.mcu.externaltools.gnu-tools-for-stm32.9-2020-q2-update.win32_2.0.0.202105311346/tools/bin/../lib/gcc/arm-none-eabi/9.3.1/../../../../arm-none-eabi/lib/thumb/v7-m/nofp\libc_nano.a(lib_a-memcpy-stub.o)
 .ARM.attributes
                0x00000000000005e4       0x2d c:/st/stm32cubeide_1.7.0/stm32cubeide/plugins/com.st.stm32cube.ide.mcu.externaltools.gnu-tools-for-stm32.9-2020-q2-update.win32_2.0.0.202105311346/tools/bin/../lib/gcc/arm-none-eabi/9.3.1/../../../../arm-none-eabi/lib/thumb/v7-m/nofp\libc_nano.a(lib_a-memmove.o)
 .ARM.attributes
                0x0000000000000611       0x2d c:/st/stm32cubeide_1.7.0/stm32cubeide/plugins/com.st.stm32cube.ide.mcu.externaltools.gnu-tools-for-stm32.9-2020-q2-update.win32_2.0.0.202105311346/tools/bin/../lib/gcc/arm-none-eabi/9.3.1/../../../../arm-none-eabi/lib/thumb/v7-m/nofp\libc_nano.a(lib_a-nano-freer.o)
 .ARM.attributes
                0x000000000000063e       0x2d c:/st/stm32cubeide_1.7.0/stm32cubeide/plugins/com.st.stm32cube.ide.mcu.externaltools.gnu-tools-for-stm32.9-2020-q2-update.win32_2.0.0.202105311346/tools/bin/../lib/gcc/arm-none-eabi/9.3.1/../../../../arm-none-eabi/lib/thumb/v7-m/nofp\libc_nano.a(lib_a-nano-mallocr.o)
 .ARM.attributes
                0x000000000000066b       0x2d c:/st/stm32cubeide_1.7.0/stm32cubeide/plugins/com.st.stm32cube.ide.mcu.externaltools.gnu-tools-for-stm32.9-2020-q2-update.win32_2.0.0.202105311346/tools/bin/../lib/gcc/arm-none-eabi/9.3.1/../../../../arm-none-eabi/lib/thumb/v7-m/nofp\libc_nano.a(lib_a-nano-reallocr.o)
 .ARM.attributes
                0x0000000000000698       0x2d c:/st/stm32cubeide_1.7.0/stm32cubeide/plugins/com.st.stm32cube.ide.mcu.externaltools.gnu-tools-for-stm32.9-2020-q2-update.win32_2.0.0.202105311346/tools/bin/../lib/gcc/arm-none-eabi/9.3.1/../../../../arm-none-eabi/lib/thumb/v7-m/nofp\libc_nano.a(lib_a-sbrkr.o)
 .ARM.attributes
                0x00000000000006c5       0x2d c:/st/stm32cubeide_1.7.0/stm32cubeide/plugins/com.st.stm32cube.ide.mcu.externaltools.gnu-tools-for-stm32.9-2020-q2-update.win32_2.0.0.202105311346/tools/bin/../lib/gcc/arm-none-eabi/9.3.1/../../../../arm-none-eabi/lib/thumb/v7-m/nofp\libc_nano.a(lib_a-mlock.o)
 .ARM.attributes
                0x00000000000006f2       0x2d c:/st/stm32cubeide_1.7.0/stm32cubeide/plugins/com.st.stm32cube.ide.mcu.externaltools.gnu-tools-for-stm32.9-2020-q2-update.win32_2.0.0.202105311346/tools/bin/../lib/gcc/arm-none-eabi/9.3.1/../../../../arm-none-eabi/lib/thumb/v7-m/nofp\libc_nano.a(lib_a-nano-msizer.o)
 .ARM.attributes
                0x000000000000071f       0x2d c:/st/stm32cubeide_1.7.0/stm32cubeide/plugins/com.st.stm32cube.ide.mcu.externaltools.gnu-tools-for-stm32.9-2020-q2-update.win32_2.0.0.202105311346/tools/bin/../lib/gcc/arm-none-eabi/9.3.1/../../../../arm-none-eabi/lib/thumb/v7-m/nofp\libc_nano.a(lib_a-reent.o)
 .ARM.attributes
                0x000000000000074c       0x2d c:/st/stm32cubeide_1.7.0/stm32cubeide/plugins/com.st.stm32cube.ide.mcu.externaltools.gnu-tools-for-stm32.9-2020-q2-update.win32_2.0.0.202105311346/tools/bin/../lib/gcc/arm-none-eabi/9.3.1/../../../../arm-none-eabi/lib/thumb/v7-m/nofp\libc_nano.a(lib_a-lock.o)
 .ARM.attributes
                0x0000000000000779       0x1d c:/st/stm32cubeide_1.7.0/stm32cubeide/plugins/com.st.stm32cube.ide.mcu.externaltools.gnu-tools-for-stm32.9-2020-q2-update.win32_2.0.0.202105311346/tools/bin/../lib/gcc/arm-none-eabi/9.3.1/thumb/v7-m/nofp/crtn.o
OUTPUT(MCU_Assignment.elf elf32-littlearm)
LOAD linker stubs
LOAD c:/st/stm32cubeide_1.7.0/stm32cubeide/plugins/com.st.stm32cube.ide.mcu.externaltools.gnu-tools-for-stm32.9-2020-q2-update.win32_2.0.0.202105311346/tools/bin/../lib/gcc/arm-none-eabi/9.3.1/../../../../arm-none-eabi/lib/thumb/v7-m/nofp\libc.a
LOAD c:/st/stm32cubeide_1.7.0/stm32cubeide/plugins/com.st.stm32cube.ide.mcu.externaltools.gnu-tools-for-stm32.9-2020-q2-update.win32_2.0.0.202105311346/tools/bin/../lib/gcc/arm-none-eabi/9.3.1/../../../../arm-none-eabi/lib/thumb/v7-m/nofp\libm.a
LOAD c:/st/stm32cubeide_1.7.0/stm32cubeide/plugins/com.st.stm32cube.ide.mcu.externaltools.gnu-tools-for-stm32.9-2020-q2-update.win32_2.0.0.202105311346/tools/bin/../lib/gcc/arm-none-eabi/9.3.1/thumb/v7-m/nofp\libgcc.a

.debug_info     0x0000000000000000    0x1801d
 .debug_info    0x0000000000000000     0x1379 ./Core/Src/fsm_automatic.o
 .debug_info    0x0000000000001379     0x1389 ./Core/Src/fsm_manual.o
 .debug_info    0x0000000000002702     0x13df ./Core/Src/fsm_pedestrian.o
 .debug_info    0x0000000000003ae1     0x13bd ./Core/Src/global.o
 .debug_info    0x0000000000004e9e     0x1496 ./Core/Src/handle_leds.o
 .debug_info    0x0000000000006334     0x1528 ./Core/Src/input_reading.o
 .debug_info    0x000000000000785c     0x1904 ./Core/Src/main.o
 .debug_info    0x0000000000009160      0x2a2 ./Core/Src/scheduler.o
 .debug_info    0x0000000000009402     0x1476 ./Core/Src/software_timer.o
 .debug_info    0x000000000000a878      0xe61 ./Core/Src/stm32f1xx_hal_msp.o
 .debug_info    0x000000000000b6d9      0xa69 ./Core/Src/stm32f1xx_it.o
 .debug_info    0x000000000000c142      0xa25 ./Core/Src/sysmem.o
 .debug_info    0x000000000000cb67      0x2be ./Core/Src/system_stm32f1xx.o
 .debug_info    0x000000000000ce25     0x1359 ./Core/Src/uart_buzzer.o
 .debug_info    0x000000000000e17e       0x22 ./Core/Startup/startup_stm32f103rbtx.o
 .debug_info    0x000000000000e1a0      0x76a ./Drivers/STM32F1xx_HAL_Driver/Src/stm32f1xx_hal.o
 .debug_info    0x000000000000e90a      0xbdc ./Drivers/STM32F1xx_HAL_Driver/Src/stm32f1xx_hal_cortex.o
 .debug_info    0x000000000000f4e6      0x823 ./Drivers/STM32F1xx_HAL_Driver/Src/stm32f1xx_hal_dma.o
 .debug_info    0x000000000000fd09      0x701 ./Drivers/STM32F1xx_HAL_Driver/Src/stm32f1xx_hal_gpio.o
 .debug_info    0x000000000001040a      0x893 ./Drivers/STM32F1xx_HAL_Driver/Src/stm32f1xx_hal_rcc.o
 .debug_info    0x0000000000010c9d     0x2c12 ./Drivers/STM32F1xx_HAL_Driver/Src/stm32f1xx_hal_tim.o
 .debug_info    0x00000000000138af     0x157f ./Drivers/STM32F1xx_HAL_Driver/Src/stm32f1xx_hal_tim_ex.o
 .debug_info    0x0000000000014e2e     0x31ef ./Drivers/STM32F1xx_HAL_Driver/Src/stm32f1xx_hal_uart.o

.debug_abbrev   0x0000000000000000     0x2f78
 .debug_abbrev  0x0000000000000000      0x204 ./Core/Src/fsm_automatic.o
 .debug_abbrev  0x0000000000000204      0x21e ./Core/Src/fsm_manual.o
 .debug_abbrev  0x0000000000000422      0x237 ./Core/Src/fsm_pedestrian.o
 .debug_abbrev  0x0000000000000659      0x1dd ./Core/Src/global.o
 .debug_abbrev  0x0000000000000836      0x249 ./Core/Src/handle_leds.o
 .debug_abbrev  0x0000000000000a7f      0x260 ./Core/Src/input_reading.o
 .debug_abbrev  0x0000000000000cdf      0x348 ./Core/Src/main.o
 .debug_abbrev  0x0000000000001027      0x164 ./Core/Src/scheduler.o
 .debug_abbrev  0x000000000000118b      0x274 ./Core/Src/software_timer.o
 .debug_abbrev  0x00000000000013ff      0x1c8 ./Core/Src/stm32f1xx_hal_msp.o
 .debug_abbrev  0x00000000000015c7      0x176 ./Core/Src/stm32f1xx_it.o
 .debug_abbrev  0x000000000000173d      0x1bf ./Core/Src/sysmem.o
 .debug_abbrev  0x00000000000018fc      0x14e ./Core/Src/system_stm32f1xx.o
 .debug_abbrev  0x0000000000001a4a      0x1ea ./Core/Src/uart_buzzer.o
 .debug_abbrev  0x0000000000001c34       0x12 ./Core/Startup/startup_stm32f103rbtx.o
 .debug_abbrev  0x0000000000001c46      0x1ed ./Drivers/STM32F1xx_HAL_Driver/Src/stm32f1xx_hal.o
 .debug_abbrev  0x0000000000001e33      0x313 ./Drivers/STM32F1xx_HAL_Driver/Src/stm32f1xx_hal_cortex.o
 .debug_abbrev  0x0000000000002146      0x228 ./Drivers/STM32F1xx_HAL_Driver/Src/stm32f1xx_hal_dma.o
 .debug_abbrev  0x000000000000236e      0x1e8 ./Drivers/STM32F1xx_HAL_Driver/Src/stm32f1xx_hal_gpio.o
 .debug_abbrev  0x0000000000002556      0x273 ./Drivers/STM32F1xx_HAL_Driver/Src/stm32f1xx_hal_rcc.o
 .debug_abbrev  0x00000000000027c9      0x25e ./Drivers/STM32F1xx_HAL_Driver/Src/stm32f1xx_hal_tim.o
 .debug_abbrev  0x0000000000002a27      0x266 ./Drivers/STM32F1xx_HAL_Driver/Src/stm32f1xx_hal_tim_ex.o
 .debug_abbrev  0x0000000000002c8d      0x2eb ./Drivers/STM32F1xx_HAL_Driver/Src/stm32f1xx_hal_uart.o

.debug_aranges  0x0000000000000000      0xdb0
 .debug_aranges
                0x0000000000000000       0x20 ./Core/Src/fsm_automatic.o
 .debug_aranges
                0x0000000000000020       0x28 ./Core/Src/fsm_manual.o
 .debug_aranges
                0x0000000000000048       0x28 ./Core/Src/fsm_pedestrian.o
 .debug_aranges
                0x0000000000000070       0x18 ./Core/Src/global.o
 .debug_aranges
                0x0000000000000088       0x38 ./Core/Src/handle_leds.o
 .debug_aranges
                0x00000000000000c0       0x30 ./Core/Src/input_reading.o
 .debug_aranges
                0x00000000000000f0       0x58 ./Core/Src/main.o
 .debug_aranges
                0x0000000000000148       0x48 ./Core/Src/scheduler.o
 .debug_aranges
                0x0000000000000190       0x48 ./Core/Src/software_timer.o
 .debug_aranges
                0x00000000000001d8       0x48 ./Core/Src/stm32f1xx_hal_msp.o
 .debug_aranges
                0x0000000000000220       0x78 ./Core/Src/stm32f1xx_it.o
 .debug_aranges
                0x0000000000000298       0x20 ./Core/Src/sysmem.o
 .debug_aranges
                0x00000000000002b8       0x28 ./Core/Src/system_stm32f1xx.o
 .debug_aranges
                0x00000000000002e0       0x20 ./Core/Src/uart_buzzer.o
 .debug_aranges
                0x0000000000000300       0x28 ./Core/Startup/startup_stm32f103rbtx.o
 .debug_aranges
                0x0000000000000328       0xe0 ./Drivers/STM32F1xx_HAL_Driver/Src/stm32f1xx_hal.o
 .debug_aranges
                0x0000000000000408      0x100 ./Drivers/STM32F1xx_HAL_Driver/Src/stm32f1xx_hal_cortex.o
 .debug_aranges
                0x0000000000000508       0x80 ./Drivers/STM32F1xx_HAL_Driver/Src/stm32f1xx_hal_dma.o
 .debug_aranges
                0x0000000000000588       0x58 ./Drivers/STM32F1xx_HAL_Driver/Src/stm32f1xx_hal_gpio.o
 .debug_aranges
                0x00000000000005e0       0x90 ./Drivers/STM32F1xx_HAL_Driver/Src/stm32f1xx_hal_rcc.o
 .debug_aranges
                0x0000000000000670      0x3d0 ./Drivers/STM32F1xx_HAL_Driver/Src/stm32f1xx_hal_tim.o
 .debug_aranges
                0x0000000000000a40      0x168 ./Drivers/STM32F1xx_HAL_Driver/Src/stm32f1xx_hal_tim_ex.o
 .debug_aranges
                0x0000000000000ba8      0x208 ./Drivers/STM32F1xx_HAL_Driver/Src/stm32f1xx_hal_uart.o

.debug_ranges   0x0000000000000000      0xc70
 .debug_ranges  0x0000000000000000       0x10 ./Core/Src/fsm_automatic.o
 .debug_ranges  0x0000000000000010       0x18 ./Core/Src/fsm_manual.o
 .debug_ranges  0x0000000000000028       0x18 ./Core/Src/fsm_pedestrian.o
 .debug_ranges  0x0000000000000040       0x28 ./Core/Src/handle_leds.o
 .debug_ranges  0x0000000000000068       0x20 ./Core/Src/input_reading.o
 .debug_ranges  0x0000000000000088       0x48 ./Core/Src/main.o
 .debug_ranges  0x00000000000000d0       0x38 ./Core/Src/scheduler.o
 .debug_ranges  0x0000000000000108       0x38 ./Core/Src/software_timer.o
 .debug_ranges  0x0000000000000140       0x38 ./Core/Src/stm32f1xx_hal_msp.o
 .debug_ranges  0x0000000000000178       0x68 ./Core/Src/stm32f1xx_it.o
 .debug_ranges  0x00000000000001e0       0x10 ./Core/Src/sysmem.o
 .debug_ranges  0x00000000000001f0       0x18 ./Core/Src/system_stm32f1xx.o
 .debug_ranges  0x0000000000000208       0x10 ./Core/Src/uart_buzzer.o
 .debug_ranges  0x0000000000000218       0x20 ./Core/Startup/startup_stm32f103rbtx.o
 .debug_ranges  0x0000000000000238       0xd0 ./Drivers/STM32F1xx_HAL_Driver/Src/stm32f1xx_hal.o
 .debug_ranges  0x0000000000000308       0xf0 ./Drivers/STM32F1xx_HAL_Driver/Src/stm32f1xx_hal_cortex.o
 .debug_ranges  0x00000000000003f8       0x70 ./Drivers/STM32F1xx_HAL_Driver/Src/stm32f1xx_hal_dma.o
 .debug_ranges  0x0000000000000468       0x48 ./Drivers/STM32F1xx_HAL_Driver/Src/stm32f1xx_hal_gpio.o
 .debug_ranges  0x00000000000004b0       0x80 ./Drivers/STM32F1xx_HAL_Driver/Src/stm32f1xx_hal_rcc.o
 .debug_ranges  0x0000000000000530      0x3c0 ./Drivers/STM32F1xx_HAL_Driver/Src/stm32f1xx_hal_tim.o
 .debug_ranges  0x00000000000008f0      0x158 ./Drivers/STM32F1xx_HAL_Driver/Src/stm32f1xx_hal_tim_ex.o
 .debug_ranges  0x0000000000000a48      0x228 ./Drivers/STM32F1xx_HAL_Driver/Src/stm32f1xx_hal_uart.o

.debug_macro    0x0000000000000000    0x198dc
 .debug_macro   0x0000000000000000      0x372 ./Core/Src/fsm_automatic.o
 .debug_macro   0x0000000000000372      0xa9c ./Core/Src/fsm_automatic.o
 .debug_macro   0x0000000000000e0e      0x21b ./Core/Src/fsm_automatic.o
 .debug_macro   0x0000000000001029       0x2e ./Core/Src/fsm_automatic.o
 .debug_macro   0x0000000000001057       0x22 ./Core/Src/fsm_automatic.o
 .debug_macro   0x0000000000001079       0x22 ./Core/Src/fsm_automatic.o
 .debug_macro   0x000000000000109b       0x8e ./Core/Src/fsm_automatic.o
 .debug_macro   0x0000000000001129       0x51 ./Core/Src/fsm_automatic.o
 .debug_macro   0x000000000000117a      0x103 ./Core/Src/fsm_automatic.o
 .debug_macro   0x000000000000127d       0x6a ./Core/Src/fsm_automatic.o
 .debug_macro   0x00000000000012e7      0x1df ./Core/Src/fsm_automatic.o
 .debug_macro   0x00000000000014c6       0x1c ./Core/Src/fsm_automatic.o
 .debug_macro   0x00000000000014e2       0x22 ./Core/Src/fsm_automatic.o
 .debug_macro   0x0000000000001504       0xc3 ./Core/Src/fsm_automatic.o
 .debug_macro   0x00000000000015c7      0xd23 ./Core/Src/fsm_automatic.o
 .debug_macro   0x00000000000022ea     0xe09e ./Core/Src/fsm_automatic.o
 .debug_macro   0x0000000000010388       0x6d ./Core/Src/fsm_automatic.o
 .debug_macro   0x00000000000103f5     0x348d ./Core/Src/fsm_automatic.o
 .debug_macro   0x0000000000013882      0x174 ./Core/Src/fsm_automatic.o
 .debug_macro   0x00000000000139f6       0x5c ./Core/Src/fsm_automatic.o
 .debug_macro   0x0000000000013a52      0x5bc ./Core/Src/fsm_automatic.o
 .debug_macro   0x000000000001400e      0x289 ./Core/Src/fsm_automatic.o
 .debug_macro   0x0000000000014297      0x1cb ./Core/Src/fsm_automatic.o
 .debug_macro   0x0000000000014462      0x114 ./Core/Src/fsm_automatic.o
 .debug_macro   0x0000000000014576      0x1b2 ./Core/Src/fsm_automatic.o
 .debug_macro   0x0000000000014728       0x27 ./Core/Src/fsm_automatic.o
 .debug_macro   0x000000000001474f      0x136 ./Core/Src/fsm_automatic.o
 .debug_macro   0x0000000000014885      0x1bc ./Core/Src/fsm_automatic.o
 .debug_macro   0x0000000000014a41       0x34 ./Core/Src/fsm_automatic.o
 .debug_macro   0x0000000000014a75       0x3c ./Core/Src/fsm_automatic.o
 .debug_macro   0x0000000000014ab1       0x57 ./Core/Src/fsm_automatic.o
 .debug_macro   0x0000000000014b08       0x87 ./Core/Src/fsm_automatic.o
 .debug_macro   0x0000000000014b8f      0x240 ./Core/Src/fsm_automatic.o
 .debug_macro   0x0000000000014dcf      0x140 ./Core/Src/fsm_automatic.o
 .debug_macro   0x0000000000014f0f      0x8ed ./Core/Src/fsm_automatic.o
 .debug_macro   0x00000000000157fc      0x28e ./Core/Src/fsm_automatic.o
 .debug_macro   0x0000000000015a8a       0x83 ./Core/Src/fsm_automatic.o
 .debug_macro   0x0000000000015b0d       0x7c ./Core/Src/fsm_automatic.o
 .debug_macro   0x0000000000015b89       0x16 ./Core/Src/fsm_automatic.o
 .debug_macro   0x0000000000015b9f       0x16 ./Core/Src/fsm_automatic.o
 .debug_macro   0x0000000000015bb5       0x6a ./Core/Src/fsm_automatic.o
 .debug_macro   0x0000000000015c1f       0x52 ./Core/Src/fsm_automatic.o
 .debug_macro   0x0000000000015c71       0x18 ./Core/Src/fsm_automatic.o
 .debug_macro   0x0000000000015c89       0x3c ./Core/Src/fsm_automatic.o
 .debug_macro   0x0000000000015cc5       0x34 ./Core/Src/fsm_automatic.o
 .debug_macro   0x0000000000015cf9       0x16 ./Core/Src/fsm_automatic.o
 .debug_macro   0x0000000000015d0f       0x35 ./Core/Src/fsm_automatic.o
 .debug_macro   0x0000000000015d44      0x333 ./Core/Src/fsm_automatic.o
 .debug_macro   0x0000000000016077       0x10 ./Core/Src/fsm_automatic.o
 .debug_macro   0x0000000000016087       0x16 ./Core/Src/fsm_automatic.o
 .debug_macro   0x000000000001609d       0x43 ./Core/Src/fsm_automatic.o
 .debug_macro   0x00000000000160e0       0x34 ./Core/Src/fsm_automatic.o
 .debug_macro   0x0000000000016114       0x10 ./Core/Src/fsm_automatic.o
 .debug_macro   0x0000000000016124       0x58 ./Core/Src/fsm_automatic.o
 .debug_macro   0x000000000001617c       0x71 ./Core/Src/fsm_automatic.o
 .debug_macro   0x00000000000161ed       0x1c ./Core/Src/fsm_automatic.o
 .debug_macro   0x0000000000016209      0x12a ./Core/Src/fsm_automatic.o
 .debug_macro   0x0000000000016333       0x10 ./Core/Src/fsm_automatic.o
 .debug_macro   0x0000000000016343       0x1c ./Core/Src/fsm_automatic.o
 .debug_macro   0x000000000001635f       0x52 ./Core/Src/fsm_automatic.o
 .debug_macro   0x00000000000163b1       0x22 ./Core/Src/fsm_automatic.o
 .debug_macro   0x00000000000163d3       0x10 ./Core/Src/fsm_automatic.o
 .debug_macro   0x00000000000163e3       0x40 ./Core/Src/fsm_automatic.o
 .debug_macro   0x0000000000016423       0xd5 ./Core/Src/fsm_automatic.o
 .debug_macro   0x00000000000164f8       0x1c ./Core/Src/fsm_automatic.o
 .debug_macro   0x0000000000016514       0x3d ./Core/Src/fsm_automatic.o
 .debug_macro   0x0000000000016551       0x16 ./Core/Src/fsm_automatic.o
 .debug_macro   0x0000000000016567      0x145 ./Core/Src/fsm_automatic.o
 .debug_macro   0x00000000000166ac      0x372 ./Core/Src/fsm_manual.o
 .debug_macro   0x0000000000016a1e      0x372 ./Core/Src/fsm_pedestrian.o
 .debug_macro   0x0000000000016d90      0x36e ./Core/Src/global.o
 .debug_macro   0x00000000000170fe      0x372 ./Core/Src/handle_leds.o
 .debug_macro   0x0000000000017470      0x378 ./Core/Src/input_reading.o
 .debug_macro   0x00000000000177e8       0x10 ./Core/Src/input_reading.o
 .debug_macro   0x00000000000177f8      0x372 ./Core/Src/main.o
 .debug_macro   0x0000000000017b6a       0x72 ./Core/Src/scheduler.o
 .debug_macro   0x0000000000017bdc       0x10 ./Core/Src/scheduler.o
 .debug_macro   0x0000000000017bec      0x378 ./Core/Src/software_timer.o
 .debug_macro   0x0000000000017f64      0x1b2 ./Core/Src/stm32f1xx_hal_msp.o
 .debug_macro   0x0000000000018116      0x1bc ./Core/Src/stm32f1xx_it.o
 .debug_macro   0x00000000000182d2       0xff ./Core/Src/sysmem.o
 .debug_macro   0x00000000000183d1      0x23b ./Core/Src/sysmem.o
 .debug_macro   0x000000000001860c      0x1a3 ./Core/Src/system_stm32f1xx.o
 .debug_macro   0x00000000000187af      0x372 ./Core/Src/uart_buzzer.o
 .debug_macro   0x0000000000018b21      0x1c7 ./Drivers/STM32F1xx_HAL_Driver/Src/stm32f1xx_hal.o
 .debug_macro   0x0000000000018ce8      0x1a3 ./Drivers/STM32F1xx_HAL_Driver/Src/stm32f1xx_hal_cortex.o
 .debug_macro   0x0000000000018e8b      0x1a3 ./Drivers/STM32F1xx_HAL_Driver/Src/stm32f1xx_hal_dma.o
 .debug_macro   0x000000000001902e      0x20e ./Drivers/STM32F1xx_HAL_Driver/Src/stm32f1xx_hal_gpio.o
 .debug_macro   0x000000000001923c      0x1b5 ./Drivers/STM32F1xx_HAL_Driver/Src/stm32f1xx_hal_rcc.o
 .debug_macro   0x00000000000193f1      0x1a4 ./Drivers/STM32F1xx_HAL_Driver/Src/stm32f1xx_hal_tim.o
 .debug_macro   0x0000000000019595      0x1a3 ./Drivers/STM32F1xx_HAL_Driver/Src/stm32f1xx_hal_tim_ex.o
 .debug_macro   0x0000000000019738      0x1a4 ./Drivers/STM32F1xx_HAL_Driver/Src/stm32f1xx_hal_uart.o

.debug_line     0x0000000000000000    0x126db
 .debug_line    0x0000000000000000      0xa87 ./Core/Src/fsm_automatic.o
 .debug_line    0x0000000000000a87      0xa49 ./Core/Src/fsm_manual.o
 .debug_line    0x00000000000014d0      0xa5f ./Core/Src/fsm_pedestrian.o
 .debug_line    0x0000000000001f2f      0x8c6 ./Core/Src/global.o
 .debug_line    0x00000000000027f5      0xa41 ./Core/Src/handle_leds.o
 .debug_line    0x0000000000003236      0x98b ./Core/Src/input_reading.o
 .debug_line    0x0000000000003bc1      0xac0 ./Core/Src/main.o
 .debug_line    0x0000000000004681      0x585 ./Core/Src/scheduler.o
 .debug_line    0x0000000000004c06      0x99f ./Core/Src/software_timer.o
 .debug_line    0x00000000000055a5      0x751 ./Core/Src/stm32f1xx_hal_msp.o
 .debug_line    0x0000000000005cf6      0x77b ./Core/Src/stm32f1xx_it.o
 .debug_line    0x0000000000006471      0x4f8 ./Core/Src/sysmem.o
 .debug_line    0x0000000000006969      0x6ef ./Core/Src/system_stm32f1xx.o
 .debug_line    0x0000000000007058      0x8d1 ./Core/Src/uart_buzzer.o
 .debug_line    0x0000000000007929       0x86 ./Core/Startup/startup_stm32f103rbtx.o
 .debug_line    0x00000000000079af      0x928 ./Drivers/STM32F1xx_HAL_Driver/Src/stm32f1xx_hal.o
 .debug_line    0x00000000000082d7      0xb10 ./Drivers/STM32F1xx_HAL_Driver/Src/stm32f1xx_hal_cortex.o
 .debug_line    0x0000000000008de7      0xd81 ./Drivers/STM32F1xx_HAL_Driver/Src/stm32f1xx_hal_dma.o
 .debug_line    0x0000000000009b68      0x9c1 ./Drivers/STM32F1xx_HAL_Driver/Src/stm32f1xx_hal_gpio.o
 .debug_line    0x000000000000a529      0xd34 ./Drivers/STM32F1xx_HAL_Driver/Src/stm32f1xx_hal_rcc.o
 .debug_line    0x000000000000b25d     0x33a7 ./Drivers/STM32F1xx_HAL_Driver/Src/stm32f1xx_hal_tim.o
 .debug_line    0x000000000000e604     0x187e ./Drivers/STM32F1xx_HAL_Driver/Src/stm32f1xx_hal_tim_ex.o
 .debug_line    0x000000000000fe82     0x2859 ./Drivers/STM32F1xx_HAL_Driver/Src/stm32f1xx_hal_uart.o

.debug_str      0x0000000000000000    0x8b4cd
 .debug_str     0x0000000000000000    0x87dbb ./Core/Src/fsm_automatic.o
                                      0x8825d (size before relaxing)
 .debug_str     0x0000000000087dbb       0x4b ./Core/Src/fsm_manual.o
                                      0x8827a (size before relaxing)
 .debug_str     0x0000000000087e06       0xa9 ./Core/Src/fsm_pedestrian.o
                                      0x88264 (size before relaxing)
 .debug_str     0x0000000000087eaf       0x15 ./Core/Src/global.o
                                      0x88218 (size before relaxing)
 .debug_str     0x0000000000087ec4       0x82 ./Core/Src/handle_leds.o
                                      0x882b7 (size before relaxing)
 .debug_str     0x0000000000087f46       0xdb ./Core/Src/input_reading.o
                                      0x88343 (size before relaxing)
 .debug_str     0x0000000000088021      0x383 ./Core/Src/main.o
                                      0x885f7 (size before relaxing)
 .debug_str     0x00000000000883a4       0xdc ./Core/Src/scheduler.o
                                       0x3e06 (size before relaxing)
 .debug_str     0x0000000000088480       0x92 ./Core/Src/software_timer.o
                                      0x882c7 (size before relaxing)
 .debug_str     0x0000000000088512      0x332 ./Core/Src/stm32f1xx_hal_msp.o
                                      0x842d1 (size before relaxing)
 .debug_str     0x0000000000088844       0xef ./Core/Src/stm32f1xx_it.o
                                      0x83fa2 (size before relaxing)
 .debug_str     0x0000000000088933      0x4e9 ./Core/Src/sysmem.o
                                       0x6270 (size before relaxing)
 .debug_str     0x0000000000088e1c       0x52 ./Core/Src/system_stm32f1xx.o
                                      0x836f4 (size before relaxing)
 .debug_str     0x0000000000088e6e       0x21 ./Core/Src/uart_buzzer.o
                                      0x88250 (size before relaxing)
 .debug_str     0x0000000000088e8f       0x36 ./Core/Startup/startup_stm32f103rbtx.o
                                         0x84 (size before relaxing)
 .debug_str     0x0000000000088ec5      0x304 ./Drivers/STM32F1xx_HAL_Driver/Src/stm32f1xx_hal.o
                                      0x83d59 (size before relaxing)
 .debug_str     0x00000000000891c9      0x300 ./Drivers/STM32F1xx_HAL_Driver/Src/stm32f1xx_hal_cortex.o
                                      0x83d61 (size before relaxing)
 .debug_str     0x00000000000894c9      0x235 ./Drivers/STM32F1xx_HAL_Driver/Src/stm32f1xx_hal_dma.o
                                      0x83aa3 (size before relaxing)
 .debug_str     0x00000000000896fe      0x311 ./Drivers/STM32F1xx_HAL_Driver/Src/stm32f1xx_hal_gpio.o
                                      0x83a8c (size before relaxing)
 .debug_str     0x0000000000089a0f      0x24f ./Drivers/STM32F1xx_HAL_Driver/Src/stm32f1xx_hal_rcc.o
                                      0x83ac5 (size before relaxing)
 .debug_str     0x0000000000089c5e      0xd68 ./Drivers/STM32F1xx_HAL_Driver/Src/stm32f1xx_hal_tim.o
                                      0x84a9e (size before relaxing)
 .debug_str     0x000000000008a9c6      0x4ee ./Drivers/STM32F1xx_HAL_Driver/Src/stm32f1xx_hal_tim_ex.o
                                      0x8424f (size before relaxing)
 .debug_str     0x000000000008aeb4      0x619 ./Drivers/STM32F1xx_HAL_Driver/Src/stm32f1xx_hal_uart.o
                                      0x8411d (size before relaxing)

.comment        0x0000000000000000       0x53
 .comment       0x0000000000000000       0x53 ./Core/Src/fsm_automatic.o
                                         0x54 (size before relaxing)
 .comment       0x0000000000000053       0x54 ./Core/Src/fsm_manual.o
 .comment       0x0000000000000053       0x54 ./Core/Src/fsm_pedestrian.o
 .comment       0x0000000000000053       0x54 ./Core/Src/global.o
 .comment       0x0000000000000053       0x54 ./Core/Src/handle_leds.o
 .comment       0x0000000000000053       0x54 ./Core/Src/input_reading.o
 .comment       0x0000000000000053       0x54 ./Core/Src/main.o
 .comment       0x0000000000000053       0x54 ./Core/Src/scheduler.o
 .comment       0x0000000000000053       0x54 ./Core/Src/software_timer.o
 .comment       0x0000000000000053       0x54 ./Core/Src/stm32f1xx_hal_msp.o
 .comment       0x0000000000000053       0x54 ./Core/Src/stm32f1xx_it.o
 .comment       0x0000000000000053       0x54 ./Core/Src/sysmem.o
 .comment       0x0000000000000053       0x54 ./Core/Src/system_stm32f1xx.o
 .comment       0x0000000000000053       0x54 ./Core/Src/uart_buzzer.o
 .comment       0x0000000000000053       0x54 ./Drivers/STM32F1xx_HAL_Driver/Src/stm32f1xx_hal.o
 .comment       0x0000000000000053       0x54 ./Drivers/STM32F1xx_HAL_Driver/Src/stm32f1xx_hal_cortex.o
 .comment       0x0000000000000053       0x54 ./Drivers/STM32F1xx_HAL_Driver/Src/stm32f1xx_hal_dma.o
 .comment       0x0000000000000053       0x54 ./Drivers/STM32F1xx_HAL_Driver/Src/stm32f1xx_hal_gpio.o
 .comment       0x0000000000000053       0x54 ./Drivers/STM32F1xx_HAL_Driver/Src/stm32f1xx_hal_rcc.o
 .comment       0x0000000000000053       0x54 ./Drivers/STM32F1xx_HAL_Driver/Src/stm32f1xx_hal_tim.o
 .comment       0x0000000000000053       0x54 ./Drivers/STM32F1xx_HAL_Driver/Src/stm32f1xx_hal_tim_ex.o
 .comment       0x0000000000000053       0x54 ./Drivers/STM32F1xx_HAL_Driver/Src/stm32f1xx_hal_uart.o

.debug_frame    0x0000000000000000     0x3a70
 .debug_frame   0x0000000000000000       0x38 ./Core/Src/fsm_automatic.o
 .debug_frame   0x0000000000000038       0x54 ./Core/Src/fsm_manual.o
 .debug_frame   0x000000000000008c       0x5c ./Core/Src/fsm_pedestrian.o
 .debug_frame   0x00000000000000e8       0x9c ./Core/Src/handle_leds.o
 .debug_frame   0x0000000000000184       0x84 ./Core/Src/input_reading.o
 .debug_frame   0x0000000000000208      0x114 ./Core/Src/main.o
 .debug_frame   0x000000000000031c       0xf8 ./Core/Src/scheduler.o
 .debug_frame   0x0000000000000414       0xf0 ./Core/Src/software_timer.o
 .debug_frame   0x0000000000000504       0xec ./Core/Src/stm32f1xx_hal_msp.o
 .debug_frame   0x00000000000005f0      0x158 ./Core/Src/stm32f1xx_it.o
 .debug_frame   0x0000000000000748       0x34 ./Core/Src/sysmem.o
 .debug_frame   0x000000000000077c       0x58 ./Core/Src/system_stm32f1xx.o
 .debug_frame   0x00000000000007d4       0x30 ./Core/Src/uart_buzzer.o
 .debug_frame   0x0000000000000804      0x334 ./Drivers/STM32F1xx_HAL_Driver/Src/stm32f1xx_hal.o
 .debug_frame   0x0000000000000b38      0x428 ./Drivers/STM32F1xx_HAL_Driver/Src/stm32f1xx_hal_cortex.o
 .debug_frame   0x0000000000000f60      0x208 ./Drivers/STM32F1xx_HAL_Driver/Src/stm32f1xx_hal_dma.o
 .debug_frame   0x0000000000001168      0x14c ./Drivers/STM32F1xx_HAL_Driver/Src/stm32f1xx_hal_gpio.o
 .debug_frame   0x00000000000012b4      0x218 ./Drivers/STM32F1xx_HAL_Driver/Src/stm32f1xx_hal_rcc.o
 .debug_frame   0x00000000000014cc     0x11bc ./Drivers/STM32F1xx_HAL_Driver/Src/stm32f1xx_hal_tim.o
 .debug_frame   0x0000000000002688      0x638 ./Drivers/STM32F1xx_HAL_Driver/Src/stm32f1xx_hal_tim_ex.o
 .debug_frame   0x0000000000002cc0      0x944 ./Drivers/STM32F1xx_HAL_Driver/Src/stm32f1xx_hal_uart.o
 .debug_frame   0x0000000000003604       0x20 c:/st/stm32cubeide_1.7.0/stm32cubeide/plugins/com.st.stm32cube.ide.mcu.externaltools.gnu-tools-for-stm32.9-2020-q2-update.win32_2.0.0.202105311346/tools/bin/../lib/gcc/arm-none-eabi/9.3.1/../../../../arm-none-eabi/lib/thumb/v7-m/nofp\libc_nano.a(lib_a-errno.o)
 .debug_frame   0x0000000000003624       0x2c c:/st/stm32cubeide_1.7.0/stm32cubeide/plugins/com.st.stm32cube.ide.mcu.externaltools.gnu-tools-for-stm32.9-2020-q2-update.win32_2.0.0.202105311346/tools/bin/../lib/gcc/arm-none-eabi/9.3.1/../../../../arm-none-eabi/lib/thumb/v7-m/nofp\libc_nano.a(lib_a-init.o)
 .debug_frame   0x0000000000003650       0x20 c:/st/stm32cubeide_1.7.0/stm32cubeide/plugins/com.st.stm32cube.ide.mcu.externaltools.gnu-tools-for-stm32.9-2020-q2-update.win32_2.0.0.202105311346/tools/bin/../lib/gcc/arm-none-eabi/9.3.1/../../../../arm-none-eabi/lib/thumb/v7-m/nofp\libc_nano.a(lib_a-memset.o)
 .debug_frame   0x0000000000003670       0x6c c:/st/stm32cubeide_1.7.0/stm32cubeide/plugins/com.st.stm32cube.ide.mcu.externaltools.gnu-tools-for-stm32.9-2020-q2-update.win32_2.0.0.202105311346/tools/bin/../lib/gcc/arm-none-eabi/9.3.1/../../../../arm-none-eabi/lib/thumb/v7-m/nofp\libc_nano.a(lib_a-sprintf.o)
 .debug_frame   0x00000000000036dc       0x90 c:/st/stm32cubeide_1.7.0/stm32cubeide/plugins/com.st.stm32cube.ide.mcu.externaltools.gnu-tools-for-stm32.9-2020-q2-update.win32_2.0.0.202105311346/tools/bin/../lib/gcc/arm-none-eabi/9.3.1/../../../../arm-none-eabi/lib/thumb/v7-m/nofp\libc_nano.a(lib_a-nano-svfprintf.o)
 .debug_frame   0x000000000000376c       0x60 c:/st/stm32cubeide_1.7.0/stm32cubeide/plugins/com.st.stm32cube.ide.mcu.externaltools.gnu-tools-for-stm32.9-2020-q2-update.win32_2.0.0.202105311346/tools/bin/../lib/gcc/arm-none-eabi/9.3.1/../../../../arm-none-eabi/lib/thumb/v7-m/nofp\libc_nano.a(lib_a-nano-vfprintf_i.o)
 .debug_frame   0x00000000000037cc       0x28 c:/st/stm32cubeide_1.7.0/stm32cubeide/plugins/com.st.stm32cube.ide.mcu.externaltools.gnu-tools-for-stm32.9-2020-q2-update.win32_2.0.0.202105311346/tools/bin/../lib/gcc/arm-none-eabi/9.3.1/../../../../arm-none-eabi/lib/thumb/v7-m/nofp\libc_nano.a(lib_a-memchr-stub.o)
 .debug_frame   0x00000000000037f4       0x28 c:/st/stm32cubeide_1.7.0/stm32cubeide/plugins/com.st.stm32cube.ide.mcu.externaltools.gnu-tools-for-stm32.9-2020-q2-update.win32_2.0.0.202105311346/tools/bin/../lib/gcc/arm-none-eabi/9.3.1/../../../../arm-none-eabi/lib/thumb/v7-m/nofp\libc_nano.a(lib_a-memcpy-stub.o)
 .debug_frame   0x000000000000381c       0x28 c:/st/stm32cubeide_1.7.0/stm32cubeide/plugins/com.st.stm32cube.ide.mcu.externaltools.gnu-tools-for-stm32.9-2020-q2-update.win32_2.0.0.202105311346/tools/bin/../lib/gcc/arm-none-eabi/9.3.1/../../../../arm-none-eabi/lib/thumb/v7-m/nofp\libc_nano.a(lib_a-memmove.o)
 .debug_frame   0x0000000000003844       0x38 c:/st/stm32cubeide_1.7.0/stm32cubeide/plugins/com.st.stm32cube.ide.mcu.externaltools.gnu-tools-for-stm32.9-2020-q2-update.win32_2.0.0.202105311346/tools/bin/../lib/gcc/arm-none-eabi/9.3.1/../../../../arm-none-eabi/lib/thumb/v7-m/nofp\libc_nano.a(lib_a-nano-freer.o)
 .debug_frame   0x000000000000387c       0x30 c:/st/stm32cubeide_1.7.0/stm32cubeide/plugins/com.st.stm32cube.ide.mcu.externaltools.gnu-tools-for-stm32.9-2020-q2-update.win32_2.0.0.202105311346/tools/bin/../lib/gcc/arm-none-eabi/9.3.1/../../../../arm-none-eabi/lib/thumb/v7-m/nofp\libc_nano.a(lib_a-nano-mallocr.o)
 .debug_frame   0x00000000000038ac       0x3c c:/st/stm32cubeide_1.7.0/stm32cubeide/plugins/com.st.stm32cube.ide.mcu.externaltools.gnu-tools-for-stm32.9-2020-q2-update.win32_2.0.0.202105311346/tools/bin/../lib/gcc/arm-none-eabi/9.3.1/../../../../arm-none-eabi/lib/thumb/v7-m/nofp\libc_nano.a(lib_a-nano-reallocr.o)
 .debug_frame   0x00000000000038e8       0x2c c:/st/stm32cubeide_1.7.0/stm32cubeide/plugins/com.st.stm32cube.ide.mcu.externaltools.gnu-tools-for-stm32.9-2020-q2-update.win32_2.0.0.202105311346/tools/bin/../lib/gcc/arm-none-eabi/9.3.1/../../../../arm-none-eabi/lib/thumb/v7-m/nofp\libc_nano.a(lib_a-sbrkr.o)
 .debug_frame   0x0000000000003914       0x30 c:/st/stm32cubeide_1.7.0/stm32cubeide/plugins/com.st.stm32cube.ide.mcu.externaltools.gnu-tools-for-stm32.9-2020-q2-update.win32_2.0.0.202105311346/tools/bin/../lib/gcc/arm-none-eabi/9.3.1/../../../../arm-none-eabi/lib/thumb/v7-m/nofp\libc_nano.a(lib_a-mlock.o)
 .debug_frame   0x0000000000003944       0x20 c:/st/stm32cubeide_1.7.0/stm32cubeide/plugins/com.st.stm32cube.ide.mcu.externaltools.gnu-tools-for-stm32.9-2020-q2-update.win32_2.0.0.202105311346/tools/bin/../lib/gcc/arm-none-eabi/9.3.1/../../../../arm-none-eabi/lib/thumb/v7-m/nofp\libc_nano.a(lib_a-nano-msizer.o)
 .debug_frame   0x0000000000003964       0x5c c:/st/stm32cubeide_1.7.0/stm32cubeide/plugins/com.st.stm32cube.ide.mcu.externaltools.gnu-tools-for-stm32.9-2020-q2-update.win32_2.0.0.202105311346/tools/bin/../lib/gcc/arm-none-eabi/9.3.1/../../../../arm-none-eabi/lib/thumb/v7-m/nofp\libc_nano.a(lib_a-reent.o)
 .debug_frame   0x00000000000039c0       0xb0 c:/st/stm32cubeide_1.7.0/stm32cubeide/plugins/com.st.stm32cube.ide.mcu.externaltools.gnu-tools-for-stm32.9-2020-q2-update.win32_2.0.0.202105311346/tools/bin/../lib/gcc/arm-none-eabi/9.3.1/../../../../arm-none-eabi/lib/thumb/v7-m/nofp\libc_nano.a(lib_a-lock.o)
